Archive member included to satisfy reference by file (symbol)

C:/Program Files/SEGGER/SEGGER Embedded Studio for ARM 5.34/lib/libc_v7em_fpv4_sp_d16_hard_t_le_eabi.a(libc_asm.o)
                              Output/Debug/Obj/NAATOS_fw/bsp.o (__aeabi_uldivmod)
C:/Program Files/SEGGER/SEGGER Embedded Studio for ARM 5.34/lib/libc_v7em_fpv4_sp_d16_hard_t_le_eabi.a(libc2.o)
                              Output/Debug/Obj/NAATOS_fw/nrf_serial_flash_params.o (memcmp)
C:/Program Files/SEGGER/SEGGER Embedded Studio for ARM 5.34/lib/libc_v7em_fpv4_sp_d16_hard_t_le_eabi.a(libc2_asm.o)
                              Output/Debug/Obj/NAATOS_fw/nrf_atfifo.o (memcpy)
C:/Program Files/SEGGER/SEGGER Embedded Studio for ARM 5.34/lib/libc_v7em_fpv4_sp_d16_hard_t_le_eabi.a(libvfprintf.o)
                              (__vfprintf_long)
C:/Program Files/SEGGER/SEGGER Embedded Studio for ARM 5.34/lib/libc_v7em_fpv4_sp_d16_hard_t_le_eabi.a(libvfscanf.o)
                              (__vfscanf_long)
C:/Program Files/SEGGER/SEGGER Embedded Studio for ARM 5.34/lib/libc_v7em_fpv4_sp_d16_hard_t_le_eabi.a(libc.o)
                              C:/Program Files/SEGGER/SEGGER Embedded Studio for ARM 5.34/lib/libc_v7em_fpv4_sp_d16_hard_t_le_eabi.a(libc2.o) (__heap_lock)
C:/Program Files/SEGGER/SEGGER Embedded Studio for ARM 5.34/lib/libdebugio_v7em_fpv4_sp_d16_hard_t_le_eabi.a(libdebugio.o)
                              Output/Debug/Obj/NAATOS_fw/thumb_crt0.o (debug_fopen)
C:/Program Files/SEGGER/SEGGER Embedded Studio for ARM 5.34/lib/libdebugio_v7em_fpv4_sp_d16_hard_t_le_eabi.a(do_nv_debug_operation.o)
                              C:/Program Files/SEGGER/SEGGER Embedded Studio for ARM 5.34/lib/libdebugio_v7em_fpv4_sp_d16_hard_t_le_eabi.a(libdebugio.o) (__do_nvdebug_operation)
C:/Program Files/SEGGER/SEGGER Embedded Studio for ARM 5.34/lib/libdebugio_v7em_fpv4_sp_d16_hard_t_le_eabi.a(mempoll_debug_operations.o)
                              (__do_debug_operation_mempoll)
C:/Program Files/SEGGER/SEGGER Embedded Studio for ARM 5.34/lib/libm_v7em_fpv4_sp_d16_hard_t_le_eabi.a(libm_asm.o)
                              C:/Program Files/SEGGER/SEGGER Embedded Studio for ARM 5.34/lib/libc_v7em_fpv4_sp_d16_hard_t_le_eabi.a(libc2.o) (__aeabi_dadd)
C:/Program Files/SEGGER/SEGGER Embedded Studio for ARM 5.34/lib/libm_v7em_fpv4_sp_d16_hard_t_le_eabi.a(libm2.o)
                              C:/Program Files/SEGGER/SEGGER Embedded Studio for ARM 5.34/lib/libc_v7em_fpv4_sp_d16_hard_t_le_eabi.a(libvfprintf.o) (frexp)

Discarded input sections

 .text          0x0000000000000000        0x0 Output/Debug/Obj/NAATOS_fw/thumb_crt0.o
 .data          0x0000000000000000        0x0 Output/Debug/Obj/NAATOS_fw/thumb_crt0.o
 .bss           0x0000000000000000        0x0 Output/Debug/Obj/NAATOS_fw/thumb_crt0.o
 .text.__aeabi_read_tp
                0x0000000000000000        0x8 Output/Debug/Obj/NAATOS_fw/thumb_crt0.o
 .text.abort    0x0000000000000000        0x2 Output/Debug/Obj/NAATOS_fw/thumb_crt0.o
 .text.__assert
                0x0000000000000000        0x2 Output/Debug/Obj/NAATOS_fw/thumb_crt0.o
 .text.__assert_func
                0x0000000000000000        0x2 Output/Debug/Obj/NAATOS_fw/thumb_crt0.o
 .text.__aeabi_assert
                0x0000000000000000        0x2 Output/Debug/Obj/NAATOS_fw/thumb_crt0.o
 .text.__sync_synchronize
                0x0000000000000000        0x2 Output/Debug/Obj/NAATOS_fw/thumb_crt0.o
 .text.__getchar
                0x0000000000000000        0x4 Output/Debug/Obj/NAATOS_fw/thumb_crt0.o
 .text.__putchar
                0x0000000000000000        0x4 Output/Debug/Obj/NAATOS_fw/thumb_crt0.o
 .text.__open   0x0000000000000000        0x4 Output/Debug/Obj/NAATOS_fw/thumb_crt0.o
 .text.__close  0x0000000000000000        0x4 Output/Debug/Obj/NAATOS_fw/thumb_crt0.o
 .text.__write  0x0000000000000000        0xa Output/Debug/Obj/NAATOS_fw/thumb_crt0.o
 .text.__read   0x0000000000000000        0xa Output/Debug/Obj/NAATOS_fw/thumb_crt0.o
 .text.__seek   0x0000000000000000       0x1a Output/Debug/Obj/NAATOS_fw/thumb_crt0.o
 .text.remove   0x0000000000000000        0x4 Output/Debug/Obj/NAATOS_fw/thumb_crt0.o
 .text.rename   0x0000000000000000        0x4 Output/Debug/Obj/NAATOS_fw/thumb_crt0.o
 .bss.__user_locale_name_buffer
                0x0000000000000000        0x4 Output/Debug/Obj/NAATOS_fw/thumb_crt0.o
 .stack         0x0000000000000000        0x0 Output/Debug/Obj/NAATOS_fw/thumb_crt0.o
 .stack_process
                0x0000000000000000        0x0 Output/Debug/Obj/NAATOS_fw/thumb_crt0.o
 .heap          0x0000000000000000        0x0 Output/Debug/Obj/NAATOS_fw/thumb_crt0.o
 .group         0x0000000000000000        0xc Output/Debug/Obj/NAATOS_fw/nrf_log_backend_rtt.o
 .group         0x0000000000000000        0xc Output/Debug/Obj/NAATOS_fw/nrf_log_backend_rtt.o
 .group         0x0000000000000000        0xc Output/Debug/Obj/NAATOS_fw/nrf_log_backend_rtt.o
[...]
Memory Configuration

Name             Origin             Length             Attributes
UNPLACED_SECTIONS 0x0000000100000000 0x0000000000000000 xw
RAM1             0x0000000020000000 0x0000000000040000 xw
FLASH1           0x0000000000000000 0x0000000000100000 xw
*default*        0x0000000000000000 0xffffffffffffffff

Linker script and memory map

                0x0000000000000000                __do_debug_operation = __do_debug_operation_mempoll
                0x0000000000004184                __vfprintf = __vfprintf_long
                0x0000000000000000                __vfscanf = __vfscanf_long
                0x0000000020000000                __RAM1_segment_start__ = 0x20000000
                0x0000000020040000                __RAM1_segment_end__ = 0x20040000
                0x0000000000040000                __RAM1_segment_size__ = 0x40000
                0x0000000000000000                __FLASH1_segment_start__ = 0x0
                0x0000000000100000                __FLASH1_segment_end__ = 0x100000
                0x0000000000100000                __FLASH1_segment_size__ = 0x100000
                0x0000000000002000                __HEAPSIZE__ = 0x2000
                0x0000000000000000                __STACKSIZE_PROCESS__ = 0x0
                0x0000000000002000                __STACKSIZE__ = 0x2000
                0x0000000020000000                __vectors_ram_load_start__ = 0x20000000

.vectors_ram    0x0000000020000000        0x0
                0x0000000020000000                __vectors_ram_start__ = .
                0x0000000020000000                __app_ram_start__ = __vectors_ram_start__
 *(.vectors_ram .vectors_ram.*)
                0x0000000020000000                __vectors_ram_end__ = (__vectors_ram_start__ + SIZEOF (.vectors_ram))
                0x0000000000000000                __vectors_ram_size__ = SIZEOF (.vectors_ram)
                0x0000000020000000                __vectors_ram_load_end__ = __vectors_ram_end__
                0x0000000000000001                . = ASSERT (((__vectors_ram_start__ == __vectors_ram_end__) || ((__vectors_ram_end__ - __RAM1_segment_start__) <= __RAM1_segment_size__)), error: .vectors_ram is too large to fit in RAM1 memory segment)
                0x0000000020000000                __nrf_sections_run_load_start__ = ALIGN (__vectors_ram_end__, 0x4)

.nrf_sections_run
                0x0000000020000000        0x0
                0x0000000020000000                __nrf_sections_run_start__ = .
                0x0000000020000000                __start_nrf_sections_run = __nrf_sections_run_start__
 *(.nrf_sections_run .nrf_sections_run.*)
                0x0000000020000000                __nrf_sections_run_end__ = (__nrf_sections_run_start__ + SIZEOF (.nrf_sections_run))
                0x0000000000000000                __nrf_sections_run_size__ = SIZEOF (.nrf_sections_run)
                0x0000000020000000                __nrf_sections_run_load_end__ = __nrf_sections_run_end__
                0x0000000000000001                . = ASSERT (((__nrf_sections_run_start__ == __nrf_sections_run_end__) || ((__nrf_sections_run_end__ - __RAM1_segment_start__) <= __RAM1_segment_size__)), error: .nrf_sections_run is too large to fit in RAM1 memory segment)
                0x0000000000000000                __vectors_load_start__ = 0x0

.vectors        0x0000000000000000      0x200
                0x0000000000000000                __vectors_start__ = .
 *(.vectors .vectors.*)
 .vectors       0x0000000000000000      0x200 Output/Debug/Obj/NAATOS_fw/ses_startup_nrf52840.o
                0x0000000000000000                _vectors
                0x0000000000000200                __vectors_end__ = (__vectors_start__ + SIZEOF (.vectors))
                0x0000000000000200                __vectors_size__ = SIZEOF (.vectors)
                0x0000000000000200                __vectors_load_end__ = __vectors_end__
                0x0000000000000001                . = ASSERT (((__vectors_start__ == __vectors_end__) || ((__vectors_end__ - __FLASH1_segment_start__) <= __FLASH1_segment_size__)), error: .vectors is too large to fit in FLASH1 memory segment)
                0x0000000000000200                __init_load_start__ = ALIGN (__vectors_end__, 0x4)

.init           0x0000000000000200      0x1d0
                0x0000000000000200                __init_start__ = .
 *(.init .init.*)
 .init          0x0000000000000200      0x15c Output/Debug/Obj/NAATOS_fw/thumb_crt0.o
                0x0000000000000200                _start
                0x00000000000002b4                exit
 .init          0x000000000000035c       0x18 Output/Debug/Obj/NAATOS_fw/ses_startup_nrf52840.o
                0x000000000000035c                NMI_Handler
                0x000000000000035e                HardFault_Handler
                0x0000000000000360                MemoryManagement_Handler
                0x0000000000000362                BusFault_Handler
                0x0000000000000364                UsageFault_Handler
                0x0000000000000368                DebugMon_Handler
                0x000000000000036c                SysTick_Handler
                0x000000000000036e                SWI2_EGU2_IRQHandler
                0x000000000000036e                GPIOTE_IRQHandler
                0x000000000000036e                PWM1_IRQHandler
                0x000000000000036e                RTC0_IRQHandler
                0x000000000000036e                RADIO_IRQHandler
                0x000000000000036e                QSPI_IRQHandler
                0x000000000000036e                TEMP_IRQHandler
                0x000000000000036e                QDEC_IRQHandler
                0x000000000000036e                TIMER3_IRQHandler
                0x000000000000036e                PWM3_IRQHandler
                0x000000000000036e                FPU_IRQHandler
                0x000000000000036e                USBD_IRQHandler
                0x000000000000036e                SPIM0_SPIS0_TWIM0_TWIS0_SPI0_TWI0_IRQHandler
                0x000000000000036e                PDM_IRQHandler
                0x000000000000036e                TIMER4_IRQHandler
                0x000000000000036e                SWI0_EGU0_IRQHandler
                0x000000000000036e                I2S_IRQHandler
                0x000000000000036e                SWI4_EGU4_IRQHandler
                0x000000000000036e                TIMER0_IRQHandler
                0x000000000000036e                UARTE1_IRQHandler
                0x000000000000036e                Dummy_Handler
                0x000000000000036e                TIMER1_IRQHandler
                0x000000000000036e                SPIM3_IRQHandler
                0x000000000000036e                PWM2_IRQHandler
                0x000000000000036e                ECB_IRQHandler
                0x000000000000036e                SPIM1_SPIS1_TWIM1_TWIS1_SPI1_TWI1_IRQHandler
                0x000000000000036e                SAADC_IRQHandler
                0x000000000000036e                CCM_AAR_IRQHandler
                0x000000000000036e                WDT_IRQHandler
                0x000000000000036e                SWI5_EGU5_IRQHandler
                0x000000000000036e                RNG_IRQHandler
                0x000000000000036e                RTC2_IRQHandler
                0x000000000000036e                PWM0_IRQHandler
                0x000000000000036e                SWI3_EGU3_IRQHandler
                0x000000000000036e                SWI1_EGU1_IRQHandler
                0x000000000000036e                SPIM2_SPIS2_SPI2_IRQHandler
                0x000000000000036e                NFCT_IRQHandler
                0x000000000000036e                CRYPTOCELL_IRQHandler
                0x000000000000036e                MWU_IRQHandler
                0x000000000000036e                TIMER2_IRQHandler
                0x000000000000036e                COMP_LPCOMP_IRQHandler
                0x0000000000000370                nRFInitialize
 .init          0x0000000000000374       0x5c Output/Debug/Obj/NAATOS_fw/ses_startup_nrf_common.o
                0x0000000000000374                Reset_Handler
                0x0000000000000378                afterInitialize
                0x000000000000039c                InitializeUserMemorySections
                0x00000000000003d0                __init_end__ = (__init_start__ + SIZEOF (.init))
                0x00000000000001d0                __init_size__ = SIZEOF (.init)
                0x00000000000003d0                __init_load_end__ = __init_end__
                0x0000000000000001                . = ASSERT (((__init_start__ == __init_end__) || ((__init_end__ - __FLASH1_segment_start__) <= __FLASH1_segment_size__)), error: .init is too large to fit in FLASH1 memory segment)
                0x00000000000003d0                __init_rodata_load_start__ = ALIGN (__init_end__, 0x4)

.init_rodata    0x00000000000003d0        0x0
                0x00000000000003d0                __init_rodata_start__ = .
 *(.init_rodata .init_rodata.*)
                0x00000000000003d0                __init_rodata_end__ = (__init_rodata_start__ + SIZEOF (.init_rodata))
                0x0000000000000000                __init_rodata_size__ = SIZEOF (.init_rodata)
                0x00000000000003d0                __init_rodata_load_end__ = __init_rodata_end__
                0x0000000000000001                . = ASSERT (((__init_rodata_start__ == __init_rodata_end__) || ((__init_rodata_end__ - __FLASH1_segment_start__) <= __FLASH1_segment_size__)), error: .init_rodata is too large to fit in FLASH1 memory segment)
                0x00000000000003d0                __text_load_start__ = ALIGN (__init_rodata_end__, 0x4)

.text           0x00000000000003d0     0x43ec
                0x00000000000003d0                __text_start__ = .
 *(.text .text.* .glue_7t .glue_7 .gnu.linkonce.t.* .gcc_except_table .ARM.extab* .gnu.linkonce.armextab.*)
 .glue_7        0x00000000000003d0        0x0 linker stubs
 .glue_7t       0x00000000000003d0        0x0 linker stubs
 .text.app_error_save_and_stop
                0x00000000000003d0       0x98 Output/Debug/Obj/NAATOS_fw/app_error.o
                0x00000000000003d0                app_error_save_and_stop
 .text.app_error_handler
                0x0000000000000468       0x1c Output/Debug/Obj/NAATOS_fw/app_error_handler_gcc.o
                0x0000000000000468                app_error_handler
 .text.app_error_fault_handler
                0x0000000000000484       0x54 Output/Debug/Obj/NAATOS_fw/app_error_weak.o
                0x0000000000000484                app_error_fault_handler
 .text.app_util_disable_irq
                0x00000000000004d8       0x18 Output/Debug/Obj/NAATOS_fw/app_util_platform.o
                0x00000000000004d8                app_util_disable_irq
 .text.app_util_enable_irq
                0x00000000000004f0       0x20 Output/Debug/Obj/NAATOS_fw/app_util_platform.o
                0x00000000000004f0                app_util_enable_irq
 .text.app_util_critical_region_enter
                0x0000000000000510       0x28 Output/Debug/Obj/NAATOS_fw/app_util_platform.o
                0x0000000000000510                app_util_critical_region_enter
 .text.app_util_critical_region_exit
                0x0000000000000538       0x2c Output/Debug/Obj/NAATOS_fw/app_util_platform.o
                0x0000000000000538                app_util_critical_region_exit
 .text.privilege_level_get
                0x0000000000000564       0x3a Output/Debug/Obj/NAATOS_fw/app_util_platform.o
                0x0000000000000564                privilege_level_get
 .text.assert_nrf_callback
                0x000000000000059e       0x2c Output/Debug/Obj/NAATOS_fw/nrf_assert.o
                0x000000000000059e                assert_nrf_callback
 *fill*         0x00000000000005ca        0x2 
 .text.nrf_wdt_started
                0x00000000000005cc       0x18 Output/Debug/Obj/NAATOS_fw/nrf_drv_clock.o
 .text.nrf_drv_clock_init
                0x00000000000005e4       0x64 Output/Debug/Obj/NAATOS_fw/nrf_drv_clock.o
                0x00000000000005e4                nrf_drv_clock_init
 .text.item_enqueue
                0x0000000000000648       0x38 Output/Debug/Obj/NAATOS_fw/nrf_drv_clock.o
 .text.item_dequeue
                0x0000000000000680       0x20 Output/Debug/Obj/NAATOS_fw/nrf_drv_clock.o
 .text.nrf_drv_clock_lfclk_request
                0x00000000000006a0       0x9c Output/Debug/Obj/NAATOS_fw/nrf_drv_clock.o
                0x00000000000006a0                nrf_drv_clock_lfclk_request
 .text.clock_clk_started_notify
                0x000000000000073c       0x4c Output/Debug/Obj/NAATOS_fw/nrf_drv_clock.o
 .text.clock_irq_handler
                0x0000000000000788       0x40 Output/Debug/Obj/NAATOS_fw/nrf_drv_clock.o
 .text.__NVIC_EnableIRQ
                0x00000000000007c8       0x34 Output/Debug/Obj/NAATOS_fw/nrfx_clock.o
 .text.__NVIC_SetPriority
                0x00000000000007fc       0x50 Output/Debug/Obj/NAATOS_fw/nrfx_clock.o
 .text.nrfx_get_irq_number
                0x000000000000084c       0x10 Output/Debug/Obj/NAATOS_fw/nrfx_clock.o
 .text._NRFX_IRQ_PRIORITY_SET
                0x000000000000085c       0x40 Output/Debug/Obj/NAATOS_fw/nrfx_clock.o
 .text._NRFX_IRQ_ENABLE
                0x000000000000089c       0x1c Output/Debug/Obj/NAATOS_fw/nrfx_clock.o
 .text._NRFX_IRQ_IS_ENABLED
                0x00000000000008b8       0x4c Output/Debug/Obj/NAATOS_fw/nrfx_clock.o
 .text.nrf_clock_int_enable
                0x0000000000000904       0x14 Output/Debug/Obj/NAATOS_fw/nrfx_clock.o
 .text.nrf_clock_int_disable
                0x0000000000000918       0x14 Output/Debug/Obj/NAATOS_fw/nrfx_clock.o
 .text.nrf_clock_task_trigger
                0x000000000000092c       0x1a Output/Debug/Obj/NAATOS_fw/nrfx_clock.o
 .text.nrf_clock_event_clear
                0x0000000000000946       0x28 Output/Debug/Obj/NAATOS_fw/nrfx_clock.o
 .text.nrf_clock_event_check
                0x000000000000096e       0x22 Output/Debug/Obj/NAATOS_fw/nrfx_clock.o
 .text.nrf_clock_lf_src_set
                0x0000000000000990       0x14 Output/Debug/Obj/NAATOS_fw/nrfx_clock.o
 .text.nrfx_power_clock_irq_init
                0x00000000000009a4       0x56 Output/Debug/Obj/NAATOS_fw/nrfx_clock.o
 *fill*         0x00000000000009fa        0x2 
 .text.nrfx_clock_init
                0x00000000000009fc       0x4c Output/Debug/Obj/NAATOS_fw/nrfx_clock.o
                0x00000000000009fc                nrfx_clock_init
 .text.nrfx_clock_enable
                0x0000000000000a48       0x34 Output/Debug/Obj/NAATOS_fw/nrfx_clock.o
                0x0000000000000a48                nrfx_clock_enable
 .text.nrfx_clock_lfclk_start
                0x0000000000000a7c       0x34 Output/Debug/Obj/NAATOS_fw/nrfx_clock.o
                0x0000000000000a7c                nrfx_clock_lfclk_start
 .text.nrfx_clock_irq_handler
                0x0000000000000ab0       0x68 Output/Debug/Obj/NAATOS_fw/nrfx_clock.o
                0x0000000000000ab0                nrfx_clock_irq_handler
 .text.nrf_power_event_clear
                0x0000000000000b18       0x28 Output/Debug/Obj/NAATOS_fw/nrfx_power.o
 .text.nrf_power_event_check
                0x0000000000000b40       0x22 Output/Debug/Obj/NAATOS_fw/nrfx_power.o
 .text.nrf_power_event_get_and_clear
                0x0000000000000b62       0x38 Output/Debug/Obj/NAATOS_fw/nrfx_power.o
 .text.nrf_power_int_enable_get
                0x0000000000000b9a        0xc Output/Debug/Obj/NAATOS_fw/nrfx_power.o
 *fill*         0x0000000000000ba6        0x2 
 .text.nrfx_power_irq_handler
                0x0000000000000ba8      0x14c Output/Debug/Obj/NAATOS_fw/nrfx_power.o
                0x0000000000000ba8                nrfx_power_irq_handler
 .text.POWER_CLOCK_IRQHandler
                0x0000000000000cf4        0xe Output/Debug/Obj/NAATOS_fw/nrfx_power.o
                0x0000000000000cf4                POWER_CLOCK_IRQHandler
 *fill*         0x0000000000000d02        0x2 
 .text.UARTE0_UART0_IRQHandler
                0x0000000000000d04       0x24 Output/Debug/Obj/NAATOS_fw/nrfx_prs.o
                0x0000000000000d04                UARTE0_UART0_IRQHandler
 .text.main_task
                0x0000000000000d28       0xe4 Output/Debug/Obj/NAATOS_fw/main.o
                0x0000000000000d28                main_task
 .text.create_tasks
                0x0000000000000e0c      0x180 Output/Debug/Obj/NAATOS_fw/main.o
                0x0000000000000e0c                create_tasks
 .text.create_queues
                0x0000000000000f8c       0xa8 Output/Debug/Obj/NAATOS_fw/main.o
                0x0000000000000f8c                create_queues
 .text.main     0x0000000000001034       0x38 Output/Debug/Obj/NAATOS_fw/main.o
                0x0000000000001034                main
 .text.battery_task
                0x000000000000106c       0x1c Output/Debug/Obj/NAATOS_fw/battery.o
                0x000000000000106c                battery_task
 .text.heater_task
                0x0000000000001088       0x1c Output/Debug/Obj/NAATOS_fw/heater.o
                0x0000000000001088                heater_task
 .text.logger_task
                0x00000000000010a4       0x1c Output/Debug/Obj/NAATOS_fw/logger.o
                0x00000000000010a4                logger_task
 .text.sensors_task
                0x00000000000010c0       0x1c Output/Debug/Obj/NAATOS_fw/sensors.o
                0x00000000000010c0                sensors_task
 .text.usb_task
                0x00000000000010dc       0x1c Output/Debug/Obj/NAATOS_fw/usb.o
                0x00000000000010dc                usb_task
 .text._DoInit  0x00000000000010f8       0x98 Output/Debug/Obj/NAATOS_fw/SEGGER_RTT.o
 .text._WriteBlocking
                0x0000000000001190       0xb2 Output/Debug/Obj/NAATOS_fw/SEGGER_RTT.o
 .text._WriteNoCheck
                0x0000000000001242       0x7e Output/Debug/Obj/NAATOS_fw/SEGGER_RTT.o
 .text._GetAvailWriteSpace
                0x00000000000012c0       0x3c Output/Debug/Obj/NAATOS_fw/SEGGER_RTT.o
 .text.SEGGER_RTT_WriteNoLock
                0x00000000000012fc       0xa0 Output/Debug/Obj/NAATOS_fw/SEGGER_RTT.o
                0x00000000000012fc                SEGGER_RTT_WriteNoLock
 .text.SEGGER_RTT_Write
                0x000000000000139c       0x3c Output/Debug/Obj/NAATOS_fw/SEGGER_RTT.o
                0x000000000000139c                SEGGER_RTT_Write
 .text.printf   0x00000000000013d8       0x4c Output/Debug/Obj/NAATOS_fw/SEGGER_RTT_Syscalls_SES.o
                0x00000000000013d8                printf
 .text.__NVIC_SystemReset
                0x0000000000001424       0x28 Output/Debug/Obj/NAATOS_fw/system_nrf52840.o
 .text.nrf52_errata_36
                0x000000000000144c       0x64 Output/Debug/Obj/NAATOS_fw/system_nrf52840.o
 .text.nrf52_errata_66
                0x00000000000014b0       0x64 Output/Debug/Obj/NAATOS_fw/system_nrf52840.o
 .text.nrf52_errata_98
                0x0000000000001514       0x64 Output/Debug/Obj/NAATOS_fw/system_nrf52840.o
 .text.nrf52_errata_103
                0x0000000000001578       0x64 Output/Debug/Obj/NAATOS_fw/system_nrf52840.o
 .text.nrf52_errata_115
                0x00000000000015dc       0x64 Output/Debug/Obj/NAATOS_fw/system_nrf52840.o
 .text.nrf52_errata_120
                0x0000000000001640       0x64 Output/Debug/Obj/NAATOS_fw/system_nrf52840.o
 .text.nrf52_errata_136
                0x00000000000016a4       0x64 Output/Debug/Obj/NAATOS_fw/system_nrf52840.o
 .text.nrf52_errata_249
                0x0000000000001708       0x64 Output/Debug/Obj/NAATOS_fw/system_nrf52840.o
 .text.nrf52_handle_approtect
                0x000000000000176c       0x20 Output/Debug/Obj/NAATOS_fw/system_nrf52840.o
 .text.nvmc_wait
                0x000000000000178c       0x18 Output/Debug/Obj/NAATOS_fw/system_nrf52840.o
                0x000000000000178c                nvmc_wait
 .text.nvmc_config
                0x00000000000017a4       0x20 Output/Debug/Obj/NAATOS_fw/system_nrf52840.o
                0x00000000000017a4                nvmc_config
 .text.SystemCoreClockUpdate
                0x00000000000017c4       0x14 Output/Debug/Obj/NAATOS_fw/system_nrf52840.o
                0x00000000000017c4                SystemCoreClockUpdate
 .text.SystemInit
                0x00000000000017d8      0x228 Output/Debug/Obj/NAATOS_fw/system_nrf52840.o
                0x00000000000017d8                SystemInit
 .text.xTaskCreate
                0x0000000000001a00       0x86 Output/Debug/Obj/NAATOS_fw/tasks.o
                0x0000000000001a00                xTaskCreate
 *fill*         0x0000000000001a86        0x2 
 .text.prvInitialiseNewTask
                0x0000000000001a88      0x104 Output/Debug/Obj/NAATOS_fw/tasks.o
 .text.prvAddNewTaskToReadyList
                0x0000000000001b8c       0xdc Output/Debug/Obj/NAATOS_fw/tasks.o
 .text.vTaskDelete
                0x0000000000001c68       0xe0 Output/Debug/Obj/NAATOS_fw/tasks.o
                0x0000000000001c68                vTaskDelete
 .text.vTaskDelay
                0x0000000000001d48       0x64 Output/Debug/Obj/NAATOS_fw/tasks.o
                0x0000000000001d48                vTaskDelay
 .text.vTaskStartScheduler
                0x0000000000001dac       0x88 Output/Debug/Obj/NAATOS_fw/tasks.o
                0x0000000000001dac                vTaskStartScheduler
 .text.vTaskSuspendAll
                0x0000000000001e34       0x14 Output/Debug/Obj/NAATOS_fw/tasks.o
                0x0000000000001e34                vTaskSuspendAll
 .text.xTaskResumeAll
                0x0000000000001e48      0x138 Output/Debug/Obj/NAATOS_fw/tasks.o
                0x0000000000001e48                xTaskResumeAll
 .text.xTaskGetTickCount
                0x0000000000001f80       0x14 Output/Debug/Obj/NAATOS_fw/tasks.o
                0x0000000000001f80                xTaskGetTickCount
 .text.xTaskIncrementTick
                0x0000000000001f94      0x154 Output/Debug/Obj/NAATOS_fw/tasks.o
                0x0000000000001f94                xTaskIncrementTick
 .text.vTaskSwitchContext
                0x00000000000020e8       0xac Output/Debug/Obj/NAATOS_fw/tasks.o
                0x00000000000020e8                vTaskSwitchContext
 .text.vTaskPlaceOnEventList
                0x0000000000002194       0x40 Output/Debug/Obj/NAATOS_fw/tasks.o
                0x0000000000002194                vTaskPlaceOnEventList
 .text.vTaskPlaceOnEventListRestricted
                0x00000000000021d4       0x4c Output/Debug/Obj/NAATOS_fw/tasks.o
                0x00000000000021d4                vTaskPlaceOnEventListRestricted
 .text.xTaskRemoveFromEventList
                0x0000000000002220       0xbc Output/Debug/Obj/NAATOS_fw/tasks.o
                0x0000000000002220                xTaskRemoveFromEventList
 .text.vTaskInternalSetTimeOutState
                0x00000000000022dc       0x24 Output/Debug/Obj/NAATOS_fw/tasks.o
                0x00000000000022dc                vTaskInternalSetTimeOutState
 .text.xTaskCheckForTimeOut
                0x0000000000002300       0xb0 Output/Debug/Obj/NAATOS_fw/tasks.o
                0x0000000000002300                xTaskCheckForTimeOut
 .text.vTaskMissedYield
                0x00000000000023b0       0x10 Output/Debug/Obj/NAATOS_fw/tasks.o
                0x00000000000023b0                vTaskMissedYield
 .text.prvIdleTask
                0x00000000000023c0       0x34 Output/Debug/Obj/NAATOS_fw/tasks.o
 .text.prvInitialiseTaskLists
                0x00000000000023f4       0x7c Output/Debug/Obj/NAATOS_fw/tasks.o
 .text.prvCheckTasksWaitingTermination
                0x0000000000002470       0x58 Output/Debug/Obj/NAATOS_fw/tasks.o
 .text.prvDeleteTCB
                0x00000000000024c8       0x1e Output/Debug/Obj/NAATOS_fw/tasks.o
 *fill*         0x00000000000024e6        0x2 
 .text.prvResetNextTaskUnblockTime
                0x00000000000024e8       0x40 Output/Debug/Obj/NAATOS_fw/tasks.o
 .text.xTaskGetSchedulerState
                0x0000000000002528       0x34 Output/Debug/Obj/NAATOS_fw/tasks.o
                0x0000000000002528                xTaskGetSchedulerState
 .text.xTaskPriorityDisinherit
                0x000000000000255c       0xc4 Output/Debug/Obj/NAATOS_fw/tasks.o
                0x000000000000255c                xTaskPriorityDisinherit
 .text.prvAddCurrentTaskToDelayedList
                0x0000000000002620       0xa8 Output/Debug/Obj/NAATOS_fw/tasks.o
 .text.vListInitialise
                0x00000000000026c8       0x36 Output/Debug/Obj/NAATOS_fw/list.o
                0x00000000000026c8                vListInitialise
 .text.vListInitialiseItem
                0x00000000000026fe       0x10 Output/Debug/Obj/NAATOS_fw/list.o
                0x00000000000026fe                vListInitialiseItem
 .text.vListInsertEnd
                0x000000000000270e       0x3e Output/Debug/Obj/NAATOS_fw/list.o
                0x000000000000270e                vListInsertEnd
 .text.vListInsert
                0x000000000000274c       0x68 Output/Debug/Obj/NAATOS_fw/list.o
                0x000000000000274c                vListInsert
 .text.uxListRemove
                0x00000000000027b4       0x4a Output/Debug/Obj/NAATOS_fw/list.o
                0x00000000000027b4                uxListRemove
 .text.ulPortRaiseBASEPRI
                0x00000000000027fe       0x20 Output/Debug/Obj/NAATOS_fw/queue.o
 *fill*         0x000000000000281e        0x2 
 .text.xQueueGenericReset
                0x0000000000002820       0xc8 Output/Debug/Obj/NAATOS_fw/queue.o
                0x0000000000002820                xQueueGenericReset
 .text.xQueueGenericCreate
                0x00000000000028e8       0x70 Output/Debug/Obj/NAATOS_fw/queue.o
                0x00000000000028e8                xQueueGenericCreate
 .text.prvInitialiseNewQueue
                0x0000000000002958       0x3e Output/Debug/Obj/NAATOS_fw/queue.o
 *fill*         0x0000000000002996        0x2 
 .text.xQueueGenericSend
                0x0000000000002998      0x1c0 Output/Debug/Obj/NAATOS_fw/queue.o
                0x0000000000002998                xQueueGenericSend
 .text.xQueueGenericSendFromISR
                0x0000000000002b58       0xe4 Output/Debug/Obj/NAATOS_fw/queue.o
                0x0000000000002b58                xQueueGenericSendFromISR
 .text.xQueueReceive
                0x0000000000002c3c      0x194 Output/Debug/Obj/NAATOS_fw/queue.o
                0x0000000000002c3c                xQueueReceive
 .text.uxQueueMessagesWaiting
                0x0000000000002dd0       0x34 Output/Debug/Obj/NAATOS_fw/queue.o
                0x0000000000002dd0                uxQueueMessagesWaiting
 .text.prvCopyDataToQueue
                0x0000000000002e04       0xd2 Output/Debug/Obj/NAATOS_fw/queue.o
 .text.prvCopyDataFromQueue
                0x0000000000002ed6       0x4a Output/Debug/Obj/NAATOS_fw/queue.o
 .text.prvUnlockQueue
                0x0000000000002f20       0xae Output/Debug/Obj/NAATOS_fw/queue.o
 .text.prvIsQueueEmpty
                0x0000000000002fce       0x2a Output/Debug/Obj/NAATOS_fw/queue.o
 .text.prvIsQueueFull
                0x0000000000002ff8       0x2e Output/Debug/Obj/NAATOS_fw/queue.o
 *fill*         0x0000000000003026        0x2 
 .text.vQueueAddToRegistry
                0x0000000000003028       0x48 Output/Debug/Obj/NAATOS_fw/queue.o
                0x0000000000003028                vQueueAddToRegistry
 .text.vQueueWaitForMessageRestricted
                0x0000000000003070       0x66 Output/Debug/Obj/NAATOS_fw/queue.o
                0x0000000000003070                vQueueWaitForMessageRestricted
 *fill*         0x00000000000030d6        0x2 
 .text.xTimerCreateTimerTask
                0x00000000000030d8       0x58 Output/Debug/Obj/NAATOS_fw/timers.o
                0x00000000000030d8                xTimerCreateTimerTask
 .text.xTimerGenericCommand
                0x0000000000003130       0x8c Output/Debug/Obj/NAATOS_fw/timers.o
                0x0000000000003130                xTimerGenericCommand
 .text.prvProcessExpiredTimer
                0x00000000000031bc       0x78 Output/Debug/Obj/NAATOS_fw/timers.o
 .text.prvTimerTask
                0x0000000000003234       0x20 Output/Debug/Obj/NAATOS_fw/timers.o
 .text.prvProcessTimerOrBlockTask
                0x0000000000003254       0x9c Output/Debug/Obj/NAATOS_fw/timers.o
 .text.prvGetNextExpireTime
                0x00000000000032f0       0x40 Output/Debug/Obj/NAATOS_fw/timers.o
 .text.prvSampleTimeNow
                0x0000000000003330       0x3c Output/Debug/Obj/NAATOS_fw/timers.o
 .text.prvInsertTimerInActiveList
                0x000000000000336c       0x84 Output/Debug/Obj/NAATOS_fw/timers.o
 .text.prvProcessReceivedCommands
                0x00000000000033f0      0x13c Output/Debug/Obj/NAATOS_fw/timers.o
 .text.prvSwitchTimerLists
                0x000000000000352c       0xb8 Output/Debug/Obj/NAATOS_fw/timers.o
 .text.prvCheckForValidListAndQueue
                0x00000000000035e4       0x6c Output/Debug/Obj/NAATOS_fw/timers.o
 .text.vPortStartFirstTask
                0x0000000000003650       0x20 Output/Debug/Obj/NAATOS_fw/port.o
                0x0000000000003650                vPortStartFirstTask
 .text.SVC_Handler
                0x0000000000003670       0x24 Output/Debug/Obj/NAATOS_fw/port.o
                0x0000000000003670                SVC_Handler
 .text.PendSV_Handler
                0x0000000000003694       0x64 Output/Debug/Obj/NAATOS_fw/port.o
                0x0000000000003694                PendSV_Handler
 .text.__NVIC_GetPriorityGrouping
                0x00000000000036f8       0x14 Output/Debug/Obj/NAATOS_fw/port_cmsis.o
 .text.__NVIC_SetPriority
                0x000000000000370c       0x50 Output/Debug/Obj/NAATOS_fw/port_cmsis.o
 .text.pxPortInitialiseStack
                0x000000000000375c       0x60 Output/Debug/Obj/NAATOS_fw/port_cmsis.o
                0x000000000000375c                pxPortInitialiseStack
 .text.prvTaskExitError
                0x00000000000037bc       0x2c Output/Debug/Obj/NAATOS_fw/port_cmsis.o
 .text.xPortStartScheduler
                0x00000000000037e8       0xe8 Output/Debug/Obj/NAATOS_fw/port_cmsis.o
                0x00000000000037e8                xPortStartScheduler
 .text.vPortEnterCritical
                0x00000000000038d0       0x4c Output/Debug/Obj/NAATOS_fw/port_cmsis.o
                0x00000000000038d0                vPortEnterCritical
 .text.vPortExitCritical
                0x000000000000391c       0x44 Output/Debug/Obj/NAATOS_fw/port_cmsis.o
                0x000000000000391c                vPortExitCritical
 .text.vPortEnableVFP
                0x0000000000003960       0x18 Output/Debug/Obj/NAATOS_fw/port_cmsis.o
 .text.vPortValidateInterruptPriority
                0x0000000000003978       0x78 Output/Debug/Obj/NAATOS_fw/port_cmsis.o
                0x0000000000003978                vPortValidateInterruptPriority
 .text.__NVIC_EnableIRQ
                0x00000000000039f0       0x34 Output/Debug/Obj/NAATOS_fw/port_cmsis_systick.o
 .text.__NVIC_SetPriority
                0x0000000000003a24       0x50 Output/Debug/Obj/NAATOS_fw/port_cmsis_systick.o
 .text.ulPortRaiseBASEPRI
                0x0000000000003a74       0x20 Output/Debug/Obj/NAATOS_fw/port_cmsis_systick.o
 .text.nrf_rtc_int_enable
                0x0000000000003a94       0x14 Output/Debug/Obj/NAATOS_fw/port_cmsis_systick.o
 .text.nrf_rtc_event_clear
                0x0000000000003aa8       0x2a Output/Debug/Obj/NAATOS_fw/port_cmsis_systick.o
 .text.nrf_rtc_counter_get
                0x0000000000003ad2       0x10 Output/Debug/Obj/NAATOS_fw/port_cmsis_systick.o
 *fill*         0x0000000000003ae2        0x2 
 .text.nrf_rtc_prescaler_set
                0x0000000000003ae4       0x30 Output/Debug/Obj/NAATOS_fw/port_cmsis_systick.o
 .text.nrf_rtc_task_trigger
                0x0000000000003b14       0x1e Output/Debug/Obj/NAATOS_fw/port_cmsis_systick.o
 .text.nrf_rtc_event_enable
                0x0000000000003b32       0x14 Output/Debug/Obj/NAATOS_fw/port_cmsis_systick.o
 *fill*         0x0000000000003b46        0x2 
 .text.RTC1_IRQHandler
                0x0000000000003b48       0x88 Output/Debug/Obj/NAATOS_fw/port_cmsis_systick.o
                0x0000000000003b48                RTC1_IRQHandler
 .text.vPortSetupTimerInterrupt
                0x0000000000003bd0       0x48 Output/Debug/Obj/NAATOS_fw/port_cmsis_systick.o
                0x0000000000003bd0                vPortSetupTimerInterrupt
 .text.pvPortMalloc
                0x0000000000003c18      0x160 Output/Debug/Obj/NAATOS_fw/heap_4.o
                0x0000000000003c18                pvPortMalloc
 .text.vPortFree
                0x0000000000003d78       0xa0 Output/Debug/Obj/NAATOS_fw/heap_4.o
                0x0000000000003d78                vPortFree
 .text.prvHeapInit
                0x0000000000003e18       0xbc Output/Debug/Obj/NAATOS_fw/heap_4.o
 .text.prvInsertBlockIntoFreeList
                0x0000000000003ed4       0xa8 Output/Debug/Obj/NAATOS_fw/heap_4.o
 .text.libc.__putc
                0x0000000000003f7c       0x36 C:/Program Files/SEGGER/SEGGER Embedded Studio for ARM 5.34/lib/libc_v7em_fpv4_sp_d16_hard_t_le_eabi.a(libc2.o)
                0x0000000000003f7c                __putc
 .text.libc.__RAL_print_padding
                0x0000000000003fb2       0x1c C:/Program Files/SEGGER/SEGGER Embedded Studio for ARM 5.34/lib/libc_v7em_fpv4_sp_d16_hard_t_le_eabi.a(libc2.o)
                0x0000000000003fb2                __RAL_print_padding
 .text.libc.__RAL_pre_padding
                0x0000000000003fce       0x1a C:/Program Files/SEGGER/SEGGER Embedded Studio for ARM 5.34/lib/libc_v7em_fpv4_sp_d16_hard_t_le_eabi.a(libc2.o)
                0x0000000000003fce                __RAL_pre_padding
 .text.libc.strnlen
                0x0000000000003fe8       0x22 C:/Program Files/SEGGER/SEGGER Embedded Studio for ARM 5.34/lib/libc_v7em_fpv4_sp_d16_hard_t_le_eabi.a(libc2.o)
                0x0000000000003fe8                strnlen
 .text.libc.vsnprintf
                0x000000000000400a       0x1c C:/Program Files/SEGGER/SEGGER Embedded Studio for ARM 5.34/lib/libc_v7em_fpv4_sp_d16_hard_t_le_eabi.a(libc2.o)
                0x000000000000400a                vsnprintf
 .text.libc.memcpy
                0x0000000000004026       0x52 C:/Program Files/SEGGER/SEGGER Embedded Studio for ARM 5.34/lib/libc_v7em_fpv4_sp_d16_hard_t_le_eabi.a(libc2_asm.o)
                0x0000000000004026                __aeabi_memcpy
                0x0000000000004026                memcpy
                0x0000000000004032                __aeabi_memcpy8
                0x0000000000004032                __aeabi_memcpy4
 .text.libc.memset
                0x0000000000004078       0x66 C:/Program Files/SEGGER/SEGGER Embedded Studio for ARM 5.34/lib/libc_v7em_fpv4_sp_d16_hard_t_le_eabi.a(libc2_asm.o)
                0x0000000000004078                memset
 .text.libc.strcpy
                0x00000000000040de       0x44 C:/Program Files/SEGGER/SEGGER Embedded Studio for ARM 5.34/lib/libc_v7em_fpv4_sp_d16_hard_t_le_eabi.a(libc2_asm.o)
                0x00000000000040de                strcpy
 .text.libc.strlen
                0x0000000000004122       0x60 C:/Program Files/SEGGER/SEGGER Embedded Studio for ARM 5.34/lib/libc_v7em_fpv4_sp_d16_hard_t_le_eabi.a(libc2_asm.o)
                0x0000000000004122                strlen
 *fill*         0x0000000000004182        0x2 
 .text.libc.__vfprintf_long
                0x0000000000004184      0x638 C:/Program Files/SEGGER/SEGGER Embedded Studio for ARM 5.34/lib/libc_v7em_fpv4_sp_d16_hard_t_le_eabi.a(libvfprintf.o)
                0x0000000000004184                __vfprintf_long
                0x00000000000047bc                . = ALIGN (MAX ((__text_start__ + 0x4), .), 0x4)
                0x00000000000047bc                __text_end__ = (__text_start__ + SIZEOF (.text))
                0x00000000000043ec                __text_size__ = SIZEOF (.text)
                0x00000000000047bc                __text_load_end__ = __text_end__

.vfp11_veneer   0x0000000100000000        0x0
 .vfp11_veneer  0x0000000100000000        0x0 linker stubs

.v4_bx          0x0000000100000000        0x0
 .v4_bx         0x0000000100000000        0x0 linker stubs

.iplt           0x0000000100000000        0x0
 .iplt          0x0000000100000000        0x0 Output/Debug/Obj/NAATOS_fw/thumb_crt0.o
                0x0000000000000001                . = ASSERT (((__text_start__ == __text_end__) || ((__text_end__ - __FLASH1_segment_start__) <= __FLASH1_segment_size__)), error: .text is too large to fit in FLASH1 memory segment)
                0x00000000000047bc                __log_const_data_load_start__ = ALIGN (__text_end__, 0x4)

.log_const_data
                0x00000000000047bc        0x0
                0x00000000000047bc                __log_const_data_start__ = .
                0x00000000000047bc                __start_log_const_data = __log_const_data_start__
 *(SORT_BY_NAME(.log_const_data*))
                0x00000000000047bc                __log_const_data_end__ = (__log_const_data_start__ + SIZEOF (.log_const_data))
                0x0000000000000000                __log_const_data_size__ = SIZEOF (.log_const_data)
                0x00000000000047bc                __stop_log_const_data = __log_const_data_end__
                0x00000000000047bc                __log_const_data_load_end__ = __log_const_data_end__
                0x0000000000000001                . = ASSERT (((__log_const_data_start__ == __log_const_data_end__) || ((__log_const_data_end__ - __FLASH1_segment_start__) <= __FLASH1_segment_size__)), error: .log_const_data is too large to fit in FLASH1 memory segment)
                0x00000000000047bc                __log_backends_load_start__ = ALIGN (__log_const_data_end__, 0x4)

.log_backends   0x00000000000047bc        0x0
                0x00000000000047bc                __log_backends_start__ = .
                0x00000000000047bc                __start_log_backends = __log_backends_start__
 *(SORT_BY_NAME(.log_backends*))
                0x00000000000047bc                __log_backends_end__ = (__log_backends_start__ + SIZEOF (.log_backends))
                0x0000000000000000                __log_backends_size__ = SIZEOF (.log_backends)
                0x00000000000047bc                __stop_log_backends = __log_backends_end__
                0x00000000000047bc                __log_backends_load_end__ = __log_backends_end__
                0x0000000000000001                . = ASSERT (((__log_backends_start__ == __log_backends_end__) || ((__log_backends_end__ - __FLASH1_segment_start__) <= __FLASH1_segment_size__)), error: .log_backends is too large to fit in FLASH1 memory segment)
                0x00000000000047bc                __nrf_balloc_load_start__ = ALIGN (__log_backends_end__, 0x4)

.nrf_balloc     0x00000000000047bc        0x0
                0x00000000000047bc                __nrf_balloc_start__ = .
                0x00000000000047bc                __start_nrf_balloc = __nrf_balloc_start__
 *(.nrf_balloc*)
                0x00000000000047bc                __nrf_balloc_end__ = (__nrf_balloc_start__ + SIZEOF (.nrf_balloc))
                0x0000000000000000                __nrf_balloc_size__ = SIZEOF (.nrf_balloc)
                0x00000000000047bc                __stop_nrf_balloc = __nrf_balloc_end__
                0x00000000000047bc                __nrf_balloc_load_end__ = __nrf_balloc_end__
                0x0000000000000001                . = ASSERT (((__nrf_balloc_start__ == __nrf_balloc_end__) || ((__nrf_balloc_end__ - __FLASH1_segment_start__) <= __FLASH1_segment_size__)), error: .nrf_balloc is too large to fit in FLASH1 memory segment)
                0x00000000000047bc                __nrf_sections_load_start__ = ALIGN (__nrf_balloc_end__, 0x4)

.nrf_sections   0x00000000000047bc        0x0
                0x00000000000047bc                __nrf_sections_start__ = .
                0x00000000000047bc                __start_nrf_sections = __nrf_sections_start__
 *(.nrf_sections .nrf_sections.*)
                0x00000000000047bc                __nrf_sections_end__ = (__nrf_sections_start__ + SIZEOF (.nrf_sections))
                0x0000000000000000                __nrf_sections_size__ = SIZEOF (.nrf_sections)
                0x00000000000047bc                __nrf_sections_load_end__ = __nrf_sections_end__
                0x0000000000000001                . = ASSERT (((__nrf_sections_start__ == __nrf_sections_end__) || ((__nrf_sections_end__ - __FLASH1_segment_start__) <= __FLASH1_segment_size__)), error: .nrf_sections is too large to fit in FLASH1 memory segment)
                0x00000000000047bc                __log_dynamic_data_load_start__ = ALIGN (__nrf_sections_end__, 0x4)

.log_dynamic_data
                0x0000000020000000        0x0 load address 0x00000000000047bc
                0x0000000020000000                __log_dynamic_data_start__ = .
 *(SORT_BY_NAME(.log_dynamic_data*))
                0x0000000020000000                __log_dynamic_data_end__ = (__log_dynamic_data_start__ + SIZEOF (.log_dynamic_data))
                0x0000000000000000                __log_dynamic_data_size__ = SIZEOF (.log_dynamic_data)
                0x00000000000047bc                __log_dynamic_data_load_end__ = (__log_dynamic_data_load_start__ + SIZEOF (.log_dynamic_data))
                0x0000000000000001                . = ASSERT (((__log_dynamic_data_load_start__ == __log_dynamic_data_load_end__) || ((__log_dynamic_data_load_end__ - __FLASH1_segment_start__) <= __FLASH1_segment_size__)), error: .log_dynamic_data is too large to fit in FLASH1 memory segment)

.log_dynamic_data_run
                0x0000000020000000        0x0
                0x0000000020000000                __log_dynamic_data_run_start__ = .
                0x0000000020000000                __start_log_dynamic_data = __log_dynamic_data_run_start__
                0x0000000020000000                . = MAX ((__log_dynamic_data_run_start__ + SIZEOF (.log_dynamic_data)), .)
                0x0000000020000000                __log_dynamic_data_run_end__ = (__log_dynamic_data_run_start__ + SIZEOF (.log_dynamic_data_run))
                0x0000000000000000                __log_dynamic_data_run_size__ = SIZEOF (.log_dynamic_data_run)
                0x0000000020000000                __stop_log_dynamic_data = __log_dynamic_data_run_end__
                0x0000000020000000                __log_dynamic_data_run_load_end__ = __log_dynamic_data_run_end__
                0x0000000000000001                . = ASSERT (((__log_dynamic_data_run_start__ == __log_dynamic_data_run_end__) || ((__log_dynamic_data_run_end__ - __RAM1_segment_start__) <= __RAM1_segment_size__)), error: .log_dynamic_data_run is too large to fit in RAM1 memory segment)
                0x00000000000047bc                __log_filter_data_load_start__ = ALIGN ((__log_dynamic_data_load_start__ + SIZEOF (.log_dynamic_data)), 0x4)

.log_filter_data
                0x0000000020000000        0x0 load address 0x00000000000047bc
                0x0000000020000000                __log_filter_data_start__ = .
 *(SORT_BY_NAME(.log_filter_data*))
                0x0000000020000000                __log_filter_data_end__ = (__log_filter_data_start__ + SIZEOF (.log_filter_data))
                0x0000000000000000                __log_filter_data_size__ = SIZEOF (.log_filter_data)
                0x00000000000047bc                __log_filter_data_load_end__ = (__log_filter_data_load_start__ + SIZEOF (.log_filter_data))
                0x0000000000000001                . = ASSERT (((__log_filter_data_load_start__ == __log_filter_data_load_end__) || ((__log_filter_data_load_end__ - __FLASH1_segment_start__) <= __FLASH1_segment_size__)), error: .log_filter_data is too large to fit in FLASH1 memory segment)

.log_filter_data_run
                0x0000000020000000        0x0
                0x0000000020000000                __log_filter_data_run_start__ = .
                0x0000000020000000                __start_log_filter_data = __log_filter_data_run_start__
                0x0000000020000000                . = MAX ((__log_filter_data_run_start__ + SIZEOF (.log_filter_data)), .)
                0x0000000020000000                __log_filter_data_run_end__ = (__log_filter_data_run_start__ + SIZEOF (.log_filter_data_run))
                0x0000000000000000                __log_filter_data_run_size__ = SIZEOF (.log_filter_data_run)
                0x0000000020000000                __stop_log_filter_data = __log_filter_data_run_end__
                0x0000000020000000                __log_filter_data_run_load_end__ = __log_filter_data_run_end__
                0x0000000000000001                . = ASSERT (((__log_filter_data_run_start__ == __log_filter_data_run_end__) || ((__log_filter_data_run_end__ - __RAM1_segment_start__) <= __RAM1_segment_size__)), error: .log_filter_data_run is too large to fit in RAM1 memory segment)
                0x0000000020000000                __nrf_sections_run_end_load_start__ = ALIGN (__log_filter_data_run_end__, 0x4)

.nrf_sections_run_end
                0x0000000020000000        0x0
                0x0000000020000000                __nrf_sections_run_end_start__ = .
                0x0000000020000000                __end_nrf_sections_run = __nrf_sections_run_end_start__
 *(.nrf_sections_run_end .nrf_sections_run_end.*)
                0x0000000020000000                __nrf_sections_run_end_end__ = (__nrf_sections_run_end_start__ + SIZEOF (.nrf_sections_run_end))
                0x0000000000000000                __nrf_sections_run_end_size__ = SIZEOF (.nrf_sections_run_end)
                0x0000000020000000                __nrf_sections_run_end_load_end__ = __nrf_sections_run_end_end__
                0x0000000000000001                . = ASSERT (((__nrf_sections_run_end_start__ == __nrf_sections_run_end_end__) || ((__nrf_sections_run_end_end__ - __RAM1_segment_start__) <= __RAM1_segment_size__)), error: .nrf_sections_run_end is too large to fit in RAM1 memory segment)
                0x00000000000047bc                __dtors_load_start__ = ALIGN ((__log_filter_data_load_start__ + SIZEOF (.log_filter_data)), 0x4)

.dtors          0x00000000000047bc        0x0
                0x00000000000047bc                __dtors_start__ = .
 *(SORT_BY_NAME(.dtors.*))
 *(.dtors)
 *(.fini_array)
 *(SORT_BY_NAME(.fini_array.*))
                0x00000000000047bc                __dtors_end__ = (__dtors_start__ + SIZEOF (.dtors))
                0x0000000000000000                __dtors_size__ = SIZEOF (.dtors)
                0x00000000000047bc                __dtors_load_end__ = __dtors_end__
                0x0000000000000001                . = ASSERT (((__dtors_start__ == __dtors_end__) || ((__dtors_end__ - __FLASH1_segment_start__) <= __FLASH1_segment_size__)), error: .dtors is too large to fit in FLASH1 memory segment)
                0x00000000000047bc                __ctors_load_start__ = ALIGN (__dtors_end__, 0x4)

.ctors          0x00000000000047bc        0x0
                0x00000000000047bc                __ctors_start__ = .
 *(SORT_BY_NAME(.ctors.*))
 *(.ctors)
 *(.init_array)
 *(SORT_BY_NAME(.init_array.*))
                0x00000000000047bc                __ctors_end__ = (__ctors_start__ + SIZEOF (.ctors))
                0x0000000000000000                __ctors_size__ = SIZEOF (.ctors)
                0x00000000000047bc                __ctors_load_end__ = __ctors_end__
                0x0000000000000001                . = ASSERT (((__ctors_start__ == __ctors_end__) || ((__ctors_end__ - __FLASH1_segment_start__) <= __FLASH1_segment_size__)), error: .ctors is too large to fit in FLASH1 memory segment)
                0x00000000000047bc                __rodata_load_start__ = ALIGN (__ctors_end__, 0x4)

.rodata         0x00000000000047bc      0x6f0
                0x00000000000047bc                __rodata_start__ = .
 *(.rodata .rodata.* .gnu.linkonce.r.*)
 .rodata        0x00000000000047bc       0x56 Output/Debug/Obj/NAATOS_fw/app_util_platform.o
 *fill*         0x0000000000004812        0x2 
 .rodata        0x0000000000004814       0x50 Output/Debug/Obj/NAATOS_fw/nrf_drv_clock.o
 .rodata        0x0000000000004864       0x72 Output/Debug/Obj/NAATOS_fw/nrfx_clock.o
 *fill*         0x00000000000048d6        0x2 
 .rodata        0x00000000000048d8       0x96 Output/Debug/Obj/NAATOS_fw/nrfx_power.o
 *fill*         0x000000000000496e        0x2 
 .rodata        0x0000000000004970       0x50 Output/Debug/Obj/NAATOS_fw/nrfx_prs.o
 .rodata        0x00000000000049c0      0x247 Output/Debug/Obj/NAATOS_fw/main.o
 *fill*         0x0000000000004c07        0x1 
 .rodata        0x0000000000004c08       0x23 Output/Debug/Obj/NAATOS_fw/battery.o
 *fill*         0x0000000000004c2b        0x1 
 .rodata        0x0000000000004c2c       0x17 Output/Debug/Obj/NAATOS_fw/heater.o
 *fill*         0x0000000000004c43        0x1 
 .rodata        0x0000000000004c44       0x17 Output/Debug/Obj/NAATOS_fw/logger.o
 *fill*         0x0000000000004c5b        0x1 
 .rodata        0x0000000000004c5c       0x18 Output/Debug/Obj/NAATOS_fw/sensors.o
 .rodata        0x0000000000004c74       0x1f Output/Debug/Obj/NAATOS_fw/usb.o
 *fill*         0x0000000000004c93        0x1 
 .rodata        0x0000000000004c94       0x17 Output/Debug/Obj/NAATOS_fw/SEGGER_RTT.o
 *fill*         0x0000000000004cab        0x1 
 .rodata        0x0000000000004cac       0x51 Output/Debug/Obj/NAATOS_fw/tasks.o
 *fill*         0x0000000000004cfd        0x3 
 .rodata        0x0000000000004d00       0x49 Output/Debug/Obj/NAATOS_fw/queue.o
 *fill*         0x0000000000004d49        0x3 
 .rodata        0x0000000000004d4c       0x59 Output/Debug/Obj/NAATOS_fw/timers.o
 *fill*         0x0000000000004da5        0x3 
 .rodata        0x0000000000004da8       0x5c Output/Debug/Obj/NAATOS_fw/port_cmsis.o
 .rodata        0x0000000000004e04       0x22 Output/Debug/Obj/NAATOS_fw/port_cmsis_systick.o
 *fill*         0x0000000000004e26        0x2 
 .rodata        0x0000000000004e28       0x5b Output/Debug/Obj/NAATOS_fw/heap_4.o
 *fill*         0x0000000000004e83        0x1 
 .rodata.libc.__RAL_hex_lc
                0x0000000000004e84       0x10 C:/Program Files/SEGGER/SEGGER Embedded Studio for ARM 5.34/lib/libc_v7em_fpv4_sp_d16_hard_t_le_eabi.a(libc2.o)
                0x0000000000004e84                __RAL_hex_lc
 .rodata.libc.__RAL_hex_uc
                0x0000000000004e94       0x10 C:/Program Files/SEGGER/SEGGER Embedded Studio for ARM 5.34/lib/libc_v7em_fpv4_sp_d16_hard_t_le_eabi.a(libc2.o)
                0x0000000000004e94                __RAL_hex_uc
 .rodata.libc.__vfprintf_int.str1.4
                0x0000000000004ea4        0x7 C:/Program Files/SEGGER/SEGGER Embedded Studio for ARM 5.34/lib/libc_v7em_fpv4_sp_d16_hard_t_le_eabi.a(libvfprintf.o)
                0x0000000000004eac                . = ALIGN (MAX ((__rodata_start__ + 0x4), .), 0x4)
 *fill*         0x0000000000004eab        0x1 
                0x0000000000004eac                __rodata_end__ = (__rodata_start__ + SIZEOF (.rodata))
                0x00000000000006f0                __rodata_size__ = SIZEOF (.rodata)
                0x0000000000004eac                __rodata_load_end__ = __rodata_end__

.rel.dyn        0x0000000000004eac        0x0
 .rel.iplt      0x0000000000004eac        0x0 Output/Debug/Obj/NAATOS_fw/thumb_crt0.o
                0x0000000000000001                . = ASSERT (((__rodata_start__ == __rodata_end__) || ((__rodata_end__ - __FLASH1_segment_start__) <= __FLASH1_segment_size__)), error: .rodata is too large to fit in FLASH1 memory segment)
                0x0000000000004eac                __ARM.exidx_load_start__ = ALIGN (__rodata_end__, 0x4)

.ARM.exidx      0x0000000000004eac        0x0
                0x0000000000004eac                __ARM.exidx_start__ = .
                0x0000000000004eac                __exidx_start = __ARM.exidx_start__
 *(.ARM.exidx .ARM.exidx.*)
                0x0000000000004eac                __ARM.exidx_end__ = (__ARM.exidx_start__ + SIZEOF (.ARM.exidx))
                0x0000000000000000                __ARM.exidx_size__ = SIZEOF (.ARM.exidx)
                0x0000000000004eac                __exidx_end = __ARM.exidx_end__
                0x0000000000004eac                __ARM.exidx_load_end__ = __ARM.exidx_end__
                0x0000000000000001                . = ASSERT (((__ARM.exidx_start__ == __ARM.exidx_end__) || ((__ARM.exidx_end__ - __FLASH1_segment_start__) <= __FLASH1_segment_size__)), error: .ARM.exidx is too large to fit in FLASH1 memory segment)
                0x0000000000004eac                __fast_load_start__ = ALIGN (__ARM.exidx_end__, 0x4)

.fast           0x0000000020000000        0x0 load address 0x0000000000004eac
                0x0000000020000000                __fast_start__ = .
 *(.fast .fast.*)
                0x0000000020000000                __fast_end__ = (__fast_start__ + SIZEOF (.fast))
                0x0000000000000000                __fast_size__ = SIZEOF (.fast)
                0x0000000000004eac                __fast_load_end__ = (__fast_load_start__ + SIZEOF (.fast))
                0x0000000000000001                . = ASSERT (((__fast_load_start__ == __fast_load_end__) || ((__fast_load_end__ - __FLASH1_segment_start__) <= __FLASH1_segment_size__)), error: .fast is too large to fit in FLASH1 memory segment)

.fast_run       0x0000000020000000        0x0
                0x0000000020000000                __fast_run_start__ = .
                0x0000000020000000                . = MAX ((__fast_run_start__ + SIZEOF (.fast)), .)
                0x0000000020000000                __fast_run_end__ = (__fast_run_start__ + SIZEOF (.fast_run))
                0x0000000000000000                __fast_run_size__ = SIZEOF (.fast_run)
                0x0000000020000000                __fast_run_load_end__ = __fast_run_end__
                0x0000000000000001                . = ASSERT (((__fast_run_start__ == __fast_run_end__) || ((__fast_run_end__ - __RAM1_segment_start__) <= __RAM1_segment_size__)), error: .fast_run is too large to fit in RAM1 memory segment)
                0x0000000000004eac                __data_load_start__ = ALIGN ((__fast_load_start__ + SIZEOF (.fast)), 0x4)

.data           0x0000000020000000        0x4 load address 0x0000000000004eac
                0x0000000020000000                __data_start__ = .
 *(.data .data.* .gnu.linkonce.d.*)
 .data.SystemCoreClock
                0x0000000020000000        0x4 Output/Debug/Obj/NAATOS_fw/system_nrf52840.o
                0x0000000020000000                SystemCoreClock
                0x0000000020000004                __data_end__ = (__data_start__ + SIZEOF (.data))
                0x0000000000000004                __data_size__ = SIZEOF (.data)
                0x0000000000004eb0                __data_load_end__ = (__data_load_start__ + SIZEOF (.data))

.igot.plt       0x0000000100000000        0x0
 .igot.plt      0x0000000100000000        0x0 Output/Debug/Obj/NAATOS_fw/thumb_crt0.o
                0x0000000000000001                . = ASSERT (((__data_load_start__ == __data_load_end__) || ((__data_load_end__ - __FLASH1_segment_start__) <= __FLASH1_segment_size__)), error: .data is too large to fit in FLASH1 memory segment)

.data_run       0x0000000020000000        0x4 load address 0x0000000000004eac
                0x0000000020000000                __data_run_start__ = .
                0x0000000020000004                . = MAX ((__data_run_start__ + SIZEOF (.data)), .)
 *fill*         0x0000000020000000        0x4 
                0x0000000020000004                __data_run_end__ = (__data_run_start__ + SIZEOF (.data_run))
                0x0000000000000004                __data_run_size__ = SIZEOF (.data_run)
                0x0000000020000004                __data_run_load_end__ = __data_run_end__
                0x0000000000000001                . = ASSERT (((__data_run_start__ == __data_run_end__) || ((__data_run_end__ - __RAM1_segment_start__) <= __RAM1_segment_size__)), error: .data_run is too large to fit in RAM1 memory segment)
                0x0000000000004eb0                __tdata_load_start__ = ALIGN ((__data_load_start__ + SIZEOF (.data)), 0x4)

.tdata          0x0000000020000004        0x0 load address 0x0000000000004eb0
                0x0000000020000004                __tdata_start__ = .
 *(.tdata .tdata.*)
                0x0000000020000004                __tdata_end__ = (__tdata_start__ + SIZEOF (.tdata))
                0x0000000000000000                __tdata_size__ = SIZEOF (.tdata)
                0x0000000000004eb0                __tdata_load_end__ = (__tdata_load_start__ + SIZEOF (.tdata))
                0x0000000000004eb0                __FLASH1_segment_used_end__ = (ALIGN ((__data_load_start__ + SIZEOF (.data)), 0x4) + SIZEOF (.tdata))
                0x0000000000004eb0                __FLASH1_segment_used_size__ = (__FLASH1_segment_used_end__ - __FLASH1_segment_start__)
                0x0000000000000001                . = ASSERT (((__tdata_load_start__ == __tdata_load_end__) || ((__tdata_load_end__ - __FLASH1_segment_start__) <= __FLASH1_segment_size__)), error: .tdata is too large to fit in FLASH1 memory segment)

.tdata_run      0x0000000020000004        0x0
                0x0000000020000004                __tdata_run_start__ = .
                0x0000000020000004                . = MAX ((__tdata_run_start__ + SIZEOF (.tdata)), .)
                0x0000000020000004                __tdata_run_end__ = (__tdata_run_start__ + SIZEOF (.tdata_run))
                0x0000000000000000                __tdata_run_size__ = SIZEOF (.tdata_run)
                0x0000000020000004                __tdata_run_load_end__ = __tdata_run_end__
                0x0000000000000001                . = ASSERT (((__tdata_run_start__ == __tdata_run_end__) || ((__tdata_run_end__ - __RAM1_segment_start__) <= __RAM1_segment_size__)), error: .tdata_run is too large to fit in RAM1 memory segment)
                0x0000000020000004                __bss_load_start__ = ALIGN (__tdata_run_end__, 0x4)

.bss            0x0000000020000004     0x22a8
                0x0000000020000004                __bss_start__ = .
 *(.bss .bss.* .gnu.linkonce.b.*)
 .bss.m_error_data.0
                0x0000000020000004       0x20 Output/Debug/Obj/NAATOS_fw/app_error.o
 .bss.m_in_critical_region
                0x0000000020000024        0x4 Output/Debug/Obj/NAATOS_fw/app_util_platform.o
 .bss.m_clock_cb
                0x0000000020000028       0x14 Output/Debug/Obj/NAATOS_fw/nrf_drv_clock.o
 .bss.m_clock_cb
                0x000000002000003c        0x8 Output/Debug/Obj/NAATOS_fw/nrfx_clock.o
 .bss.nrfx_clock_irq_enabled
                0x0000000020000044        0x1 Output/Debug/Obj/NAATOS_fw/nrfx_clock.o
                0x0000000020000044                nrfx_clock_irq_enabled
 *fill*         0x0000000020000045        0x3 
 .bss.m_pofwarn_handler
                0x0000000020000048        0x4 Output/Debug/Obj/NAATOS_fw/nrfx_power.o
 .bss.m_sleepevt_handler
                0x000000002000004c        0x4 Output/Debug/Obj/NAATOS_fw/nrfx_power.o
 .bss.m_usbevt_handler
                0x0000000020000050        0x4 Output/Debug/Obj/NAATOS_fw/nrfx_power.o
 .bss.m_prs_box_4
                0x0000000020000054        0x8 Output/Debug/Obj/NAATOS_fw/nrfx_prs.o
 .bss.main_batteryDataQueue
                0x000000002000005c        0x4 Output/Debug/Obj/NAATOS_fw/main.o
                0x000000002000005c                main_batteryDataQueue
 .bss.main_switchQueue
                0x0000000020000060        0x4 Output/Debug/Obj/NAATOS_fw/main.o
                0x0000000020000060                main_switchQueue
 .bss.heater_zoneRunQueue
                0x0000000020000064        0x4 Output/Debug/Obj/NAATOS_fw/main.o
                0x0000000020000064                heater_zoneRunQueue
 .bss.heater_temperatureDataQueue
                0x0000000020000068        0x4 Output/Debug/Obj/NAATOS_fw/main.o
                0x0000000020000068                heater_temperatureDataQueue
 .bss.battery_requestPercentQueue
                0x000000002000006c        0x4 Output/Debug/Obj/NAATOS_fw/main.o
                0x000000002000006c                battery_requestPercentQueue
 .bss.usb_stateChangeQueue
                0x0000000020000070        0x4 Output/Debug/Obj/NAATOS_fw/main.o
                0x0000000020000070                usb_stateChangeQueue
 .bss.logger_recvBattPercentQueue
                0x0000000020000074        0x4 Output/Debug/Obj/NAATOS_fw/main.o
                0x0000000020000074                logger_recvBattPercentQueue
 .bss.logger_logMessageQueue
                0x0000000020000078        0x4 Output/Debug/Obj/NAATOS_fw/main.o
                0x0000000020000078                logger_logMessageQueue
 .bss.mainTaskHandle
                0x000000002000007c        0x4 Output/Debug/Obj/NAATOS_fw/main.o
                0x000000002000007c                mainTaskHandle
 .bss.heaterTaskHandle
                0x0000000020000080        0x4 Output/Debug/Obj/NAATOS_fw/main.o
                0x0000000020000080                heaterTaskHandle
 .bss.loggerTaskHandle
                0x0000000020000084        0x4 Output/Debug/Obj/NAATOS_fw/main.o
                0x0000000020000084                loggerTaskHandle
 .bss.sensorsTaskHandle
                0x0000000020000088        0x4 Output/Debug/Obj/NAATOS_fw/main.o
                0x0000000020000088                sensorsTaskHandle
 .bss.batteryTaskHandle
                0x000000002000008c        0x4 Output/Debug/Obj/NAATOS_fw/main.o
                0x000000002000008c                batteryTaskHandle
 .bss.usbTaskHandle
                0x0000000020000090        0x4 Output/Debug/Obj/NAATOS_fw/main.o
                0x0000000020000090                usbTaskHandle
 .bss._SEGGER_RTT
                0x0000000020000094       0x78 Output/Debug/Obj/NAATOS_fw/SEGGER_RTT.o
                0x0000000020000094                _SEGGER_RTT
 .bss._acUpBuffer
                0x000000002000010c       0x40 Output/Debug/Obj/NAATOS_fw/SEGGER_RTT.o
 .bss._acDownBuffer
                0x000000002000014c       0x10 Output/Debug/Obj/NAATOS_fw/SEGGER_RTT.o
 .bss.pxCurrentTCB
                0x000000002000015c        0x4 Output/Debug/Obj/NAATOS_fw/tasks.o
                0x000000002000015c                pxCurrentTCB
 .bss.pxReadyTasksLists
                0x0000000020000160       0x3c Output/Debug/Obj/NAATOS_fw/tasks.o
 .bss.xDelayedTaskList1
                0x000000002000019c       0x14 Output/Debug/Obj/NAATOS_fw/tasks.o
 .bss.xDelayedTaskList2
                0x00000000200001b0       0x14 Output/Debug/Obj/NAATOS_fw/tasks.o
 .bss.pxDelayedTaskList
                0x00000000200001c4        0x4 Output/Debug/Obj/NAATOS_fw/tasks.o
 .bss.pxOverflowDelayedTaskList
                0x00000000200001c8        0x4 Output/Debug/Obj/NAATOS_fw/tasks.o
 .bss.xPendingReadyList
                0x00000000200001cc       0x14 Output/Debug/Obj/NAATOS_fw/tasks.o
 .bss.xTasksWaitingTermination
                0x00000000200001e0       0x14 Output/Debug/Obj/NAATOS_fw/tasks.o
 .bss.uxDeletedTasksWaitingCleanUp
                0x00000000200001f4        0x4 Output/Debug/Obj/NAATOS_fw/tasks.o
 .bss.xSuspendedTaskList
                0x00000000200001f8       0x14 Output/Debug/Obj/NAATOS_fw/tasks.o
 .bss.uxCurrentNumberOfTasks
                0x000000002000020c        0x4 Output/Debug/Obj/NAATOS_fw/tasks.o
 .bss.xTickCount
                0x0000000020000210        0x4 Output/Debug/Obj/NAATOS_fw/tasks.o
 .bss.uxTopReadyPriority
                0x0000000020000214        0x4 Output/Debug/Obj/NAATOS_fw/tasks.o
 .bss.xSchedulerRunning
                0x0000000020000218        0x4 Output/Debug/Obj/NAATOS_fw/tasks.o
 .bss.uxPendedTicks
                0x000000002000021c        0x4 Output/Debug/Obj/NAATOS_fw/tasks.o
 .bss.xYieldPending
                0x0000000020000220        0x4 Output/Debug/Obj/NAATOS_fw/tasks.o
 .bss.xNumOfOverflows
                0x0000000020000224        0x4 Output/Debug/Obj/NAATOS_fw/tasks.o
 .bss.uxTaskNumber
                0x0000000020000228        0x4 Output/Debug/Obj/NAATOS_fw/tasks.o
 .bss.xNextTaskUnblockTime
                0x000000002000022c        0x4 Output/Debug/Obj/NAATOS_fw/tasks.o
 .bss.xIdleTaskHandle
                0x0000000020000230        0x4 Output/Debug/Obj/NAATOS_fw/tasks.o
 .bss.uxSchedulerSuspended
                0x0000000020000234        0x4 Output/Debug/Obj/NAATOS_fw/tasks.o
 .bss.xQueueRegistry
                0x0000000020000238       0x10 Output/Debug/Obj/NAATOS_fw/queue.o
                0x0000000020000238                xQueueRegistry
 .bss.xActiveTimerList1
                0x0000000020000248       0x14 Output/Debug/Obj/NAATOS_fw/timers.o
 .bss.xActiveTimerList2
                0x000000002000025c       0x14 Output/Debug/Obj/NAATOS_fw/timers.o
 .bss.pxCurrentTimerList
                0x0000000020000270        0x4 Output/Debug/Obj/NAATOS_fw/timers.o
 .bss.pxOverflowTimerList
                0x0000000020000274        0x4 Output/Debug/Obj/NAATOS_fw/timers.o
 .bss.xTimerQueue
                0x0000000020000278        0x4 Output/Debug/Obj/NAATOS_fw/timers.o
 .bss.xTimerTaskHandle
                0x000000002000027c        0x4 Output/Debug/Obj/NAATOS_fw/timers.o
 .bss.xLastTime.0
                0x0000000020000280        0x4 Output/Debug/Obj/NAATOS_fw/timers.o
 .bss.uxCriticalNesting
                0x0000000020000284        0x4 Output/Debug/Obj/NAATOS_fw/port_cmsis.o
 .bss.ucMaxSysCallPriority
                0x0000000020000288        0x1 Output/Debug/Obj/NAATOS_fw/port_cmsis.o
 *fill*         0x0000000020000289        0x3 
 .bss.ulMaxPRIGROUPValue
                0x000000002000028c        0x4 Output/Debug/Obj/NAATOS_fw/port_cmsis.o
 .bss.ucHeap    0x0000000020000290     0x2000 Output/Debug/Obj/NAATOS_fw/heap_4.o
 .bss.xStart    0x0000000020002290        0x8 Output/Debug/Obj/NAATOS_fw/heap_4.o
 .bss.pxEnd     0x0000000020002298        0x4 Output/Debug/Obj/NAATOS_fw/heap_4.o
 .bss.xFreeBytesRemaining
                0x000000002000229c        0x4 Output/Debug/Obj/NAATOS_fw/heap_4.o
 .bss.xMinimumEverFreeBytesRemaining
                0x00000000200022a0        0x4 Output/Debug/Obj/NAATOS_fw/heap_4.o
 .bss.xBlockAllocatedBit
                0x00000000200022a4        0x4 Output/Debug/Obj/NAATOS_fw/heap_4.o
 .bss.libc.__user_format_extender
                0x00000000200022a8        0x4 C:/Program Files/SEGGER/SEGGER Embedded Studio for ARM 5.34/lib/libc_v7em_fpv4_sp_d16_hard_t_le_eabi.a(libc2.o)
                0x00000000200022a8                __user_format_extender
 *(COMMON)
                0x00000000200022ac                __bss_end__ = (__bss_start__ + SIZEOF (.bss))
                0x00000000000022a8                __bss_size__ = SIZEOF (.bss)
                0x00000000200022ac                __bss_load_end__ = __bss_end__
                0x0000000000000001                . = ASSERT (((__bss_start__ == __bss_end__) || ((__bss_end__ - __RAM1_segment_start__) <= __RAM1_segment_size__)), error: .bss is too large to fit in RAM1 memory segment)
                0x00000000200022ac                __tbss_load_start__ = ALIGN (__bss_end__, 0x4)

.tbss           0x00000000200022ac        0x0
                0x00000000200022ac                __tbss_start__ = .
 *(.tbss .tbss.*)
                0x00000000200022ac                __tbss_end__ = (__tbss_start__ + SIZEOF (.tbss))
                0x0000000000000000                __tbss_size__ = SIZEOF (.tbss)
                0x00000000200022ac                __tbss_load_end__ = __tbss_end__
                0x0000000000000001                . = ASSERT (((__tbss_start__ == __tbss_end__) || ((__tbss_end__ - __RAM1_segment_start__) <= __RAM1_segment_size__)), error: .tbss is too large to fit in RAM1 memory segment)
                0x00000000200022ac                __non_init_load_start__ = ALIGN (__tbss_end__, 0x4)

.non_init       0x00000000200022ac        0x0
                0x00000000200022ac                __non_init_start__ = .
 *(.non_init .non_init.*)
                0x00000000200022ac                __non_init_end__ = (__non_init_start__ + SIZEOF (.non_init))
                0x0000000000000000                __non_init_size__ = SIZEOF (.non_init)
                0x00000000200022ac                __non_init_load_end__ = __non_init_end__
                0x0000000000000001                . = ASSERT (((__non_init_start__ == __non_init_end__) || ((__non_init_end__ - __RAM1_segment_start__) <= __RAM1_segment_size__)), error: .non_init is too large to fit in RAM1 memory segment)
                0x00000000200022ac                __heap_load_start__ = ALIGN (__non_init_end__, 0x4)

.heap           0x00000000200022ac     0x2000
                0x00000000200022ac                __heap_start__ = .
 *(.heap .heap.*)
                0x00000000200042ac                . = ALIGN (MAX ((__heap_start__ + __HEAPSIZE__), .), 0x4)
 *fill*         0x00000000200022ac     0x2000 
                0x00000000200042ac                __heap_end__ = (__heap_start__ + SIZEOF (.heap))
                0x0000000000002000                __heap_size__ = SIZEOF (.heap)
                0x00000000200042ac                __heap_load_end__ = __heap_end__
                0x0000000000000001                . = ASSERT (((__heap_start__ == __heap_end__) || ((__heap_end__ - __RAM1_segment_start__) <= __RAM1_segment_size__)), error: .heap is too large to fit in RAM1 memory segment)
                0x000000002003e000                __stack_load_start__ = (__RAM1_segment_start__ + (__RAM1_segment_size__ - 0x2000))

.stack          0x000000002003e000     0x2000
                0x000000002003e000                __stack_start__ = .
                0x000000002003e000                __StackLimit = __stack_start__
 *(.stack .stack.*)
                0x0000000020040000                . = ALIGN (MAX ((__stack_start__ + __STACKSIZE__), .), 0x8)
 *fill*         0x000000002003e000     0x2000 
                0x0000000020040000                __stack_end__ = (__stack_start__ + SIZEOF (.stack))
                0x0000000000002000                __stack_size__ = SIZEOF (.stack)
                0x0000000020040000                __StackTop = __stack_end__
                0x0000000020040000                __stack_load_end__ = __stack_end__
                0x0000000000000001                . = ASSERT (((__stack_start__ == __stack_end__) || ((__stack_end__ - __RAM1_segment_start__) <= __RAM1_segment_size__)), error: .stack is too large to fit in RAM1 memory segment)
                0x0000000000000001                . = ASSERT ((__heap_end__ <= __stack_start__), error: section .heap overlaps absolute placed section .stack)
                0x0000000020040000                __stack_process_load_start__ = ALIGN (__stack_end__, 0x8)

.stack_process  0x0000000020040000        0x0
                0x0000000020040000                __stack_process_start__ = .
 *(.stack_process .stack_process.*)
                0x0000000020040000                . = ALIGN (MAX ((__stack_process_start__ + __STACKSIZE_PROCESS__), .), 0x8)
                0x0000000020040000                __stack_process_end__ = (__stack_process_start__ + SIZEOF (.stack_process))
                0x0000000000000000                __stack_process_size__ = SIZEOF (.stack_process)
                0x0000000020040000                __stack_process_load_end__ = __stack_process_end__
                0x0000000020040000                __RAM1_segment_used_end__ = (ALIGN (__stack_end__, 0x8) + SIZEOF (.stack_process))
                0x0000000000040000                __RAM1_segment_used_size__ = (__RAM1_segment_used_end__ - __RAM1_segment_start__)
                0x0000000000000001                . = ASSERT (((__stack_process_start__ == __stack_process_end__) || ((__stack_process_end__ - __RAM1_segment_start__) <= __RAM1_segment_size__)), error: .stack_process is too large to fit in RAM1 memory segment)
START GROUP
LOAD Output/Debug/Obj/NAATOS_fw/thumb_crt0.o
LOAD Output/Debug/Obj/NAATOS_fw/nrf_log_backend_rtt.o
LOAD Output/Debug/Obj/NAATOS_fw/nrf_log_backend_serial.o
LOAD Output/Debug/Obj/NAATOS_fw/nrf_log_backend_uart.o
LOAD Output/Debug/Obj/NAATOS_fw/nrf_log_default_backends.o
LOAD Output/Debug/Obj/NAATOS_fw/nrf_log_frontend.o
LOAD Output/Debug/Obj/NAATOS_fw/nrf_log_str_formatter.o
LOAD Output/Debug/Obj/NAATOS_fw/boards.o
LOAD Output/Debug/Obj/NAATOS_fw/app_button.o
LOAD Output/Debug/Obj/NAATOS_fw/app_error.o
LOAD Output/Debug/Obj/NAATOS_fw/app_error_handler_gcc.o
LOAD Output/Debug/Obj/NAATOS_fw/app_error_weak.o
LOAD Output/Debug/Obj/NAATOS_fw/app_fifo.o
LOAD Output/Debug/Obj/NAATOS_fw/app_scheduler.o
LOAD Output/Debug/Obj/NAATOS_fw/app_sdcard.o
LOAD Output/Debug/Obj/NAATOS_fw/app_timer_freertos.o
LOAD Output/Debug/Obj/NAATOS_fw/app_uart_fifo.o
LOAD Output/Debug/Obj/NAATOS_fw/app_usbd.o
LOAD Output/Debug/Obj/NAATOS_fw/app_usbd_core.o
LOAD Output/Debug/Obj/NAATOS_fw/app_usbd_msc.o
LOAD Output/Debug/Obj/NAATOS_fw/app_usbd_string_desc.o
LOAD Output/Debug/Obj/NAATOS_fw/app_util_platform.o
LOAD Output/Debug/Obj/NAATOS_fw/drv_rtc.o
LOAD Output/Debug/Obj/NAATOS_fw/hardfault_handler_gcc.o
LOAD Output/Debug/Obj/NAATOS_fw/hardfault_implementation.o
LOAD Output/Debug/Obj/NAATOS_fw/nrf_assert.o
LOAD Output/Debug/Obj/NAATOS_fw/nrf_atfifo.o
LOAD Output/Debug/Obj/NAATOS_fw/nrf_atomic.o
LOAD Output/Debug/Obj/NAATOS_fw/nrf_balloc.o
LOAD Output/Debug/Obj/NAATOS_fw/nrf_block_dev_empty.o
LOAD Output/Debug/Obj/NAATOS_fw/nrf_block_dev_qspi.o
LOAD Output/Debug/Obj/NAATOS_fw/nrf_block_dev_ram.o
LOAD Output/Debug/Obj/NAATOS_fw/nrf_block_dev_sdc.o
LOAD Output/Debug/Obj/NAATOS_fw/nrf_fprintf.o
LOAD Output/Debug/Obj/NAATOS_fw/nrf_fprintf_format.o
LOAD Output/Debug/Obj/NAATOS_fw/nrf_memobj.o
LOAD Output/Debug/Obj/NAATOS_fw/nrf_ringbuf.o
LOAD Output/Debug/Obj/NAATOS_fw/nrf_serial_flash_params.o
LOAD Output/Debug/Obj/NAATOS_fw/nrf_sortlist.o
LOAD Output/Debug/Obj/NAATOS_fw/nrf_strerror.o
LOAD Output/Debug/Obj/NAATOS_fw/nrf_drv_clock.o
LOAD Output/Debug/Obj/NAATOS_fw/nrf_drv_power.o
LOAD Output/Debug/Obj/NAATOS_fw/nrf_drv_spi.o
LOAD Output/Debug/Obj/NAATOS_fw/nrf_drv_uart.o
LOAD Output/Debug/Obj/NAATOS_fw/nrf_nvic.o
LOAD Output/Debug/Obj/NAATOS_fw/nrf_soc.o
LOAD Output/Debug/Obj/NAATOS_fw/nrfx_atomic.o
LOAD Output/Debug/Obj/NAATOS_fw/nrfx_clock.o
LOAD Output/Debug/Obj/NAATOS_fw/nrfx_gpiote.o
LOAD Output/Debug/Obj/NAATOS_fw/nrfx_power.o
LOAD Output/Debug/Obj/NAATOS_fw/nrfx_prs.o
LOAD Output/Debug/Obj/NAATOS_fw/nrfx_qspi.o
LOAD Output/Debug/Obj/NAATOS_fw/nrfx_spi.o
LOAD Output/Debug/Obj/NAATOS_fw/nrfx_spim.o
LOAD Output/Debug/Obj/NAATOS_fw/nrfx_systick.o
LOAD Output/Debug/Obj/NAATOS_fw/nrfx_uart.o
LOAD Output/Debug/Obj/NAATOS_fw/nrfx_uarte.o
LOAD Output/Debug/Obj/NAATOS_fw/nrfx_usbd.o
LOAD Output/Debug/Obj/NAATOS_fw/bsp.o
LOAD Output/Debug/Obj/NAATOS_fw/main.o
LOAD Output/Debug/Obj/NAATOS_fw/battery.o
LOAD Output/Debug/Obj/NAATOS_fw/heater.o
LOAD Output/Debug/Obj/NAATOS_fw/logger.o
LOAD Output/Debug/Obj/NAATOS_fw/sensors.o
LOAD Output/Debug/Obj/NAATOS_fw/usb.o
LOAD Output/Debug/Obj/NAATOS_fw/i2c_hal.o
LOAD Output/Debug/Obj/NAATOS_fw/SEGGER_RTT.o
LOAD Output/Debug/Obj/NAATOS_fw/SEGGER_RTT_Syscalls_SES.o
LOAD Output/Debug/Obj/NAATOS_fw/SEGGER_RTT_printf.o
LOAD Output/Debug/Obj/NAATOS_fw/diskio_blkdev.o
LOAD Output/Debug/Obj/NAATOS_fw/ff.o
LOAD Output/Debug/Obj/NAATOS_fw/ses_startup_nrf52840.o
LOAD Output/Debug/Obj/NAATOS_fw/ses_startup_nrf_common.o
LOAD Output/Debug/Obj/NAATOS_fw/system_nrf52840.o
LOAD Output/Debug/Obj/NAATOS_fw/utf.o
LOAD Output/Debug/Obj/NAATOS_fw/tasks.o
LOAD Output/Debug/Obj/NAATOS_fw/croutine.o
LOAD Output/Debug/Obj/NAATOS_fw/event_groups.o
LOAD Output/Debug/Obj/NAATOS_fw/list.o
LOAD Output/Debug/Obj/NAATOS_fw/queue.o
LOAD Output/Debug/Obj/NAATOS_fw/stream_buffer.o
LOAD Output/Debug/Obj/NAATOS_fw/timers.o
LOAD Output/Debug/Obj/NAATOS_fw/port.o
LOAD Output/Debug/Obj/NAATOS_fw/port_cmsis.o
LOAD Output/Debug/Obj/NAATOS_fw/port_cmsis_systick.o
LOAD Output/Debug/Obj/NAATOS_fw/heap_4.o
LOAD Output/Debug/Obj/NAATOS_fw/mpu_wrappers.o
LOAD C:/Program Files/SEGGER/SEGGER Embedded Studio for ARM 5.34/lib/libm_v7em_fpv4_sp_d16_hard_t_le_eabi.a
LOAD C:/Program Files/SEGGER/SEGGER Embedded Studio for ARM 5.34/lib/libc_v7em_fpv4_sp_d16_hard_t_le_eabi.a
LOAD C:/Program Files/SEGGER/SEGGER Embedded Studio for ARM 5.34/lib/libdebugio_v7em_fpv4_sp_d16_hard_t_le_eabi.a
END GROUP
OUTPUT(Output/Debug/Exe/NAATOS_fw.elf elf32-littlearm)
LOAD linker stubs

.ARM.attributes
                0x0000000000000000       0x35
 .ARM.attributes
                0x0000000000000000       0x25 Output/Debug/Obj/NAATOS_fw/thumb_crt0.o
 .ARM.attributes
                0x0000000000000025       0x39 Output/Debug/Obj/NAATOS_fw/app_error.o
 .ARM.attributes
                0x000000000000005e       0x39 Output/Debug/Obj/NAATOS_fw/app_error_handler_gcc.o
 .ARM.attributes
                0x0000000000000097       0x39 Output/Debug/Obj/NAATOS_fw/app_error_weak.o
 .ARM.attributes
                0x00000000000000d0       0x39 Output/Debug/Obj/NAATOS_fw/app_util_platform.o
 .ARM.attributes
                0x0000000000000109       0x39 Output/Debug/Obj/NAATOS_fw/nrf_assert.o
 .ARM.attributes
                0x0000000000000142       0x39 Output/Debug/Obj/NAATOS_fw/nrf_drv_clock.o
 .ARM.attributes
                0x000000000000017b       0x39 Output/Debug/Obj/NAATOS_fw/nrfx_clock.o
 .ARM.attributes
                0x00000000000001b4       0x39 Output/Debug/Obj/NAATOS_fw/nrfx_power.o
 .ARM.attributes
                0x00000000000001ed       0x39 Output/Debug/Obj/NAATOS_fw/nrfx_prs.o
 .ARM.attributes
                0x0000000000000226       0x39 Output/Debug/Obj/NAATOS_fw/main.o
 .ARM.attributes
                0x000000000000025f       0x39 Output/Debug/Obj/NAATOS_fw/battery.o
 .ARM.attributes
                0x0000000000000298       0x39 Output/Debug/Obj/NAATOS_fw/heater.o
 .ARM.attributes
                0x00000000000002d1       0x39 Output/Debug/Obj/NAATOS_fw/logger.o
 .ARM.attributes
                0x000000000000030a       0x39 Output/Debug/Obj/NAATOS_fw/sensors.o
 .ARM.attributes
                0x0000000000000343       0x39 Output/Debug/Obj/NAATOS_fw/usb.o
 .ARM.attributes
                0x000000000000037c       0x39 Output/Debug/Obj/NAATOS_fw/SEGGER_RTT.o
 .ARM.attributes
                0x00000000000003b5       0x39 Output/Debug/Obj/NAATOS_fw/SEGGER_RTT_Syscalls_SES.o
 .ARM.attributes
                0x00000000000003ee       0x25 Output/Debug/Obj/NAATOS_fw/ses_startup_nrf52840.o
 .ARM.attributes
                0x0000000000000413       0x25 Output/Debug/Obj/NAATOS_fw/ses_startup_nrf_common.o
 .ARM.attributes
                0x0000000000000438       0x39 Output/Debug/Obj/NAATOS_fw/system_nrf52840.o
 .ARM.attributes
                0x0000000000000471       0x39 Output/Debug/Obj/NAATOS_fw/tasks.o
 .ARM.attributes
                0x00000000000004aa       0x39 Output/Debug/Obj/NAATOS_fw/list.o
 .ARM.attributes
                0x00000000000004e3       0x39 Output/Debug/Obj/NAATOS_fw/queue.o
 .ARM.attributes
                0x000000000000051c       0x39 Output/Debug/Obj/NAATOS_fw/timers.o
 .ARM.attributes
                0x0000000000000555       0x39 Output/Debug/Obj/NAATOS_fw/port.o
 .ARM.attributes
                0x000000000000058e       0x39 Output/Debug/Obj/NAATOS_fw/port_cmsis.o
 .ARM.attributes
                0x00000000000005c7       0x39 Output/Debug/Obj/NAATOS_fw/port_cmsis_systick.o
 .ARM.attributes
                0x0000000000000600       0x39 Output/Debug/Obj/NAATOS_fw/heap_4.o
 .ARM.attributes
                0x0000000000000639       0x34 C:/Program Files/SEGGER/SEGGER Embedded Studio for ARM 5.34/lib/libc_v7em_fpv4_sp_d16_hard_t_le_eabi.a(libc2.o)
 .ARM.attributes
                0x000000000000066d       0x20 C:/Program Files/SEGGER/SEGGER Embedded Studio for ARM 5.34/lib/libc_v7em_fpv4_sp_d16_hard_t_le_eabi.a(libc2_asm.o)
 .ARM.attributes
                0x000000000000068d       0x34 C:/Program Files/SEGGER/SEGGER Embedded Studio for ARM 5.34/lib/libc_v7em_fpv4_sp_d16_hard_t_le_eabi.a(libvfprintf.o)

.comment        0x0000000000000000       0x25
 .comment       0x0000000000000000       0x25 Output/Debug/Obj/NAATOS_fw/app_error.o
                                         0x26 (size before relaxing)
 .comment       0x0000000000000025       0x26 Output/Debug/Obj/NAATOS_fw/app_error_handler_gcc.o
 .comment       0x0000000000000025       0x26 Output/Debug/Obj/NAATOS_fw/app_error_weak.o
 .comment       0x0000000000000025       0x26 Output/Debug/Obj/NAATOS_fw/app_util_platform.o
 .comment       0x0000000000000025       0x26 Output/Debug/Obj/NAATOS_fw/nrf_assert.o
 .comment       0x0000000000000025       0x26 Output/Debug/Obj/NAATOS_fw/nrf_drv_clock.o
 .comment       0x0000000000000025       0x26 Output/Debug/Obj/NAATOS_fw/nrfx_clock.o
 .comment       0x0000000000000025       0x26 Output/Debug/Obj/NAATOS_fw/nrfx_power.o
 .comment       0x0000000000000025       0x26 Output/Debug/Obj/NAATOS_fw/nrfx_prs.o
 .comment       0x0000000000000025       0x26 Output/Debug/Obj/NAATOS_fw/main.o
 .comment       0x0000000000000025       0x26 Output/Debug/Obj/NAATOS_fw/battery.o
 .comment       0x0000000000000025       0x26 Output/Debug/Obj/NAATOS_fw/heater.o
 .comment       0x0000000000000025       0x26 Output/Debug/Obj/NAATOS_fw/logger.o
 .comment       0x0000000000000025       0x26 Output/Debug/Obj/NAATOS_fw/sensors.o
 .comment       0x0000000000000025       0x26 Output/Debug/Obj/NAATOS_fw/usb.o
 .comment       0x0000000000000025       0x26 Output/Debug/Obj/NAATOS_fw/SEGGER_RTT.o
 .comment       0x0000000000000025       0x26 Output/Debug/Obj/NAATOS_fw/SEGGER_RTT_Syscalls_SES.o
 .comment       0x0000000000000025       0x26 Output/Debug/Obj/NAATOS_fw/system_nrf52840.o
 .comment       0x0000000000000025       0x26 Output/Debug/Obj/NAATOS_fw/tasks.o
 .comment       0x0000000000000025       0x26 Output/Debug/Obj/NAATOS_fw/list.o
 .comment       0x0000000000000025       0x26 Output/Debug/Obj/NAATOS_fw/queue.o
 .comment       0x0000000000000025       0x26 Output/Debug/Obj/NAATOS_fw/timers.o
 .comment       0x0000000000000025       0x26 Output/Debug/Obj/NAATOS_fw/port.o
 .comment       0x0000000000000025       0x26 Output/Debug/Obj/NAATOS_fw/port_cmsis.o
 .comment       0x0000000000000025       0x26 Output/Debug/Obj/NAATOS_fw/port_cmsis_systick.o
 .comment       0x0000000000000025       0x26 Output/Debug/Obj/NAATOS_fw/heap_4.o
 .comment       0x0000000000000025       0x26 C:/Program Files/SEGGER/SEGGER Embedded Studio for ARM 5.34/lib/libc_v7em_fpv4_sp_d16_hard_t_le_eabi.a(libc2.o)
 .comment       0x0000000000000025       0x26 C:/Program Files/SEGGER/SEGGER Embedded Studio for ARM 5.34/lib/libc_v7em_fpv4_sp_d16_hard_t_le_eabi.a(libvfprintf.o)

.debug_line     0x0000000000000000     0xe1a6
 .debug_line    0x0000000000000000      0x21e Output/Debug/Obj/NAATOS_fw/thumb_crt0.o
 .debug_line    0x000000000000021e      0x337 Output/Debug/Obj/NAATOS_fw/app_error.o
 .debug_line    0x0000000000000555      0x32e Output/Debug/Obj/NAATOS_fw/app_error_handler_gcc.o
 .debug_line    0x0000000000000883      0x514 Output/Debug/Obj/NAATOS_fw/app_error_weak.o
 .debug_line    0x0000000000000d97      0x408 Output/Debug/Obj/NAATOS_fw/app_util_platform.o
 .debug_line    0x000000000000119f      0x2b4 Output/Debug/Obj/NAATOS_fw/nrf_assert.o
 .debug_line    0x0000000000001453      0xa32 Output/Debug/Obj/NAATOS_fw/nrf_drv_clock.o
 .debug_line    0x0000000000001e85      0xa9b Output/Debug/Obj/NAATOS_fw/nrfx_clock.o
 .debug_line    0x0000000000002920      0xb33 Output/Debug/Obj/NAATOS_fw/nrfx_power.o
 .debug_line    0x0000000000003453      0x658 Output/Debug/Obj/NAATOS_fw/nrfx_prs.o
 .debug_line    0x0000000000003aab      0x885 Output/Debug/Obj/NAATOS_fw/main.o
 .debug_line    0x0000000000004330       0x83 Output/Debug/Obj/NAATOS_fw/battery.o
 .debug_line    0x00000000000043b3       0x7f Output/Debug/Obj/NAATOS_fw/heater.o
 .debug_line    0x0000000000004432       0x7f Output/Debug/Obj/NAATOS_fw/logger.o
 .debug_line    0x00000000000044b1       0x81 Output/Debug/Obj/NAATOS_fw/sensors.o
 .debug_line    0x0000000000004532       0x7b Output/Debug/Obj/NAATOS_fw/usb.o
 .debug_line    0x00000000000045ad      0xafa Output/Debug/Obj/NAATOS_fw/SEGGER_RTT.o
 .debug_line    0x00000000000050a7      0x3e2 Output/Debug/Obj/NAATOS_fw/SEGGER_RTT_Syscalls_SES.o
 .debug_line    0x0000000000005489       0x8e Output/Debug/Obj/NAATOS_fw/ses_startup_nrf52840.o
 .debug_line    0x0000000000005517       0xad Output/Debug/Obj/NAATOS_fw/ses_startup_nrf_common.o
 .debug_line    0x00000000000055c4     0x3972 Output/Debug/Obj/NAATOS_fw/system_nrf52840.o
 .debug_line    0x0000000000008f36     0x1820 Output/Debug/Obj/NAATOS_fw/tasks.o
 .debug_line    0x000000000000a756      0x544 Output/Debug/Obj/NAATOS_fw/list.o
 .debug_line    0x000000000000ac9a     0x117f Output/Debug/Obj/NAATOS_fw/queue.o
 .debug_line    0x000000000000be19      0x95e Output/Debug/Obj/NAATOS_fw/timers.o
 .debug_line    0x000000000000c777      0x486 Output/Debug/Obj/NAATOS_fw/port.o
 .debug_line    0x000000000000cbfd      0x686 Output/Debug/Obj/NAATOS_fw/port_cmsis.o
 .debug_line    0x000000000000d283      0x85f Output/Debug/Obj/NAATOS_fw/port_cmsis_systick.o
 .debug_line    0x000000000000dae2      0x6c4 Output/Debug/Obj/NAATOS_fw/heap_4.o

.debug_info     0x0000000000000000     0xf4d0
 .debug_info    0x0000000000000000       0x22 Output/Debug/Obj/NAATOS_fw/thumb_crt0.o
 .debug_info    0x0000000000000022      0x264 Output/Debug/Obj/NAATOS_fw/app_error.o
 .debug_info    0x0000000000000286       0xe3 Output/Debug/Obj/NAATOS_fw/app_error_handler_gcc.o
 .debug_info    0x0000000000000369      0x237 Output/Debug/Obj/NAATOS_fw/app_error_weak.o
 .debug_info    0x00000000000005a0      0x746 Output/Debug/Obj/NAATOS_fw/app_util_platform.o
 .debug_info    0x0000000000000ce6      0x10f Output/Debug/Obj/NAATOS_fw/nrf_assert.o
 .debug_info    0x0000000000000df5      0xa93 Output/Debug/Obj/NAATOS_fw/nrf_drv_clock.o
 .debug_info    0x0000000000001888      0xea8 Output/Debug/Obj/NAATOS_fw/nrfx_clock.o
 .debug_info    0x0000000000002730     0x1560 Output/Debug/Obj/NAATOS_fw/nrfx_power.o
 .debug_info    0x0000000000003c90      0x6b7 Output/Debug/Obj/NAATOS_fw/nrfx_prs.o
 .debug_info    0x0000000000004347      0x335 Output/Debug/Obj/NAATOS_fw/main.o
 .debug_info    0x000000000000467c       0x83 Output/Debug/Obj/NAATOS_fw/battery.o
 .debug_info    0x00000000000046ff       0x83 Output/Debug/Obj/NAATOS_fw/heater.o
 .debug_info    0x0000000000004782       0x83 Output/Debug/Obj/NAATOS_fw/logger.o
 .debug_info    0x0000000000004805       0x83 Output/Debug/Obj/NAATOS_fw/sensors.o
 .debug_info    0x0000000000004888       0x83 Output/Debug/Obj/NAATOS_fw/usb.o
 .debug_info    0x000000000000490b      0xdc2 Output/Debug/Obj/NAATOS_fw/SEGGER_RTT.o
 .debug_info    0x00000000000056cd      0x207 Output/Debug/Obj/NAATOS_fw/SEGGER_RTT_Syscalls_SES.o
 .debug_info    0x00000000000058d4       0x23 Output/Debug/Obj/NAATOS_fw/ses_startup_nrf52840.o
 .debug_info    0x00000000000058f7       0x23 Output/Debug/Obj/NAATOS_fw/ses_startup_nrf_common.o
 .debug_info    0x000000000000591a     0x45d7 Output/Debug/Obj/NAATOS_fw/system_nrf52840.o
 .debug_info    0x0000000000009ef1     0x1a72 Output/Debug/Obj/NAATOS_fw/tasks.o
 .debug_info    0x000000000000b963      0x2b8 Output/Debug/Obj/NAATOS_fw/list.o
 .debug_info    0x000000000000bc1b     0x13d9 Output/Debug/Obj/NAATOS_fw/queue.o
 .debug_info    0x000000000000cff4      0xd4f Output/Debug/Obj/NAATOS_fw/timers.o
 .debug_info    0x000000000000dd43       0xad Output/Debug/Obj/NAATOS_fw/port.o
 .debug_info    0x000000000000ddf0      0x995 Output/Debug/Obj/NAATOS_fw/port_cmsis.o
 .debug_info    0x000000000000e785      0xa4a Output/Debug/Obj/NAATOS_fw/port_cmsis_systick.o
 .debug_info    0x000000000000f1cf      0x301 Output/Debug/Obj/NAATOS_fw/heap_4.o

.debug_abbrev   0x0000000000000000     0x2c96
 .debug_abbrev  0x0000000000000000       0x12 Output/Debug/Obj/NAATOS_fw/thumb_crt0.o
 .debug_abbrev  0x0000000000000012      0x114 Output/Debug/Obj/NAATOS_fw/app_error.o
 .debug_abbrev  0x0000000000000126       0x7a Output/Debug/Obj/NAATOS_fw/app_error_handler_gcc.o
 .debug_abbrev  0x00000000000001a0      0x13d Output/Debug/Obj/NAATOS_fw/app_error_weak.o
 .debug_abbrev  0x00000000000002dd      0x259 Output/Debug/Obj/NAATOS_fw/app_util_platform.o
 .debug_abbrev  0x0000000000000536       0xab Output/Debug/Obj/NAATOS_fw/nrf_assert.o
 .debug_abbrev  0x00000000000005e1      0x315 Output/Debug/Obj/NAATOS_fw/nrf_drv_clock.o
 .debug_abbrev  0x00000000000008f6      0x32d Output/Debug/Obj/NAATOS_fw/nrfx_clock.o
 .debug_abbrev  0x0000000000000c23      0x3cb Output/Debug/Obj/NAATOS_fw/nrfx_power.o
 .debug_abbrev  0x0000000000000fee      0x1c7 Output/Debug/Obj/NAATOS_fw/nrfx_prs.o
 .debug_abbrev  0x00000000000011b5      0x140 Output/Debug/Obj/NAATOS_fw/main.o
 .debug_abbrev  0x00000000000012f5       0x8f Output/Debug/Obj/NAATOS_fw/battery.o
 .debug_abbrev  0x0000000000001384       0x8f Output/Debug/Obj/NAATOS_fw/heater.o
 .debug_abbrev  0x0000000000001413       0x8f Output/Debug/Obj/NAATOS_fw/logger.o
 .debug_abbrev  0x00000000000014a2       0x8f Output/Debug/Obj/NAATOS_fw/sensors.o
 .debug_abbrev  0x0000000000001531       0x8f Output/Debug/Obj/NAATOS_fw/usb.o
 .debug_abbrev  0x00000000000015c0      0x1e0 Output/Debug/Obj/NAATOS_fw/SEGGER_RTT.o
 .debug_abbrev  0x00000000000017a0      0x155 Output/Debug/Obj/NAATOS_fw/SEGGER_RTT_Syscalls_SES.o
 .debug_abbrev  0x00000000000018f5       0x14 Output/Debug/Obj/NAATOS_fw/ses_startup_nrf52840.o
 .debug_abbrev  0x0000000000001909       0x14 Output/Debug/Obj/NAATOS_fw/ses_startup_nrf_common.o
 .debug_abbrev  0x000000000000191d      0x252 Output/Debug/Obj/NAATOS_fw/system_nrf52840.o
 .debug_abbrev  0x0000000000001b6f      0x374 Output/Debug/Obj/NAATOS_fw/tasks.o
 .debug_abbrev  0x0000000000001ee3       0xf5 Output/Debug/Obj/NAATOS_fw/list.o
 .debug_abbrev  0x0000000000001fd8      0x32e Output/Debug/Obj/NAATOS_fw/queue.o
 .debug_abbrev  0x0000000000002306      0x24c Output/Debug/Obj/NAATOS_fw/timers.o
 .debug_abbrev  0x0000000000002552       0x4a Output/Debug/Obj/NAATOS_fw/port.o
 .debug_abbrev  0x000000000000259c      0x307 Output/Debug/Obj/NAATOS_fw/port_cmsis.o
 .debug_abbrev  0x00000000000028a3      0x27b Output/Debug/Obj/NAATOS_fw/port_cmsis_systick.o
 .debug_abbrev  0x0000000000002b1e      0x178 Output/Debug/Obj/NAATOS_fw/heap_4.o

.debug_aranges  0x0000000000000000     0x18a8
 .debug_aranges
                0x0000000000000000       0x98 Output/Debug/Obj/NAATOS_fw/thumb_crt0.o
 .debug_aranges
                0x0000000000000098       0x28 Output/Debug/Obj/NAATOS_fw/app_error.o
 .debug_aranges
                0x00000000000000c0       0x20 Output/Debug/Obj/NAATOS_fw/app_error_handler_gcc.o
 .debug_aranges
                0x00000000000000e0       0x20 Output/Debug/Obj/NAATOS_fw/app_error_weak.o
 .debug_aranges
                0x0000000000000100       0x50 Output/Debug/Obj/NAATOS_fw/app_util_platform.o
 .debug_aranges
                0x0000000000000150       0x20 Output/Debug/Obj/NAATOS_fw/nrf_assert.o
 .debug_aranges
                0x0000000000000170       0xd8 Output/Debug/Obj/NAATOS_fw/nrf_drv_clock.o
 .debug_aranges
                0x0000000000000248      0x108 Output/Debug/Obj/NAATOS_fw/nrfx_clock.o
 .debug_aranges
                0x0000000000000350      0x140 Output/Debug/Obj/NAATOS_fw/nrfx_power.o
 .debug_aranges
                0x0000000000000490       0x38 Output/Debug/Obj/NAATOS_fw/nrfx_prs.o
 .debug_aranges
                0x00000000000004c8       0x38 Output/Debug/Obj/NAATOS_fw/main.o
 .debug_aranges
                0x0000000000000500       0x20 Output/Debug/Obj/NAATOS_fw/battery.o
 .debug_aranges
                0x0000000000000520       0x20 Output/Debug/Obj/NAATOS_fw/heater.o
 .debug_aranges
                0x0000000000000540       0x20 Output/Debug/Obj/NAATOS_fw/logger.o
 .debug_aranges
                0x0000000000000560       0x20 Output/Debug/Obj/NAATOS_fw/sensors.o
 .debug_aranges
                0x0000000000000580       0x20 Output/Debug/Obj/NAATOS_fw/usb.o
 .debug_aranges
                0x00000000000005a0      0x108 Output/Debug/Obj/NAATOS_fw/SEGGER_RTT.o
 .debug_aranges
                0x00000000000006a8       0x38 Output/Debug/Obj/NAATOS_fw/SEGGER_RTT_Syscalls_SES.o
 .debug_aranges
                0x00000000000006e0       0x20 Output/Debug/Obj/NAATOS_fw/ses_startup_nrf52840.o
 .debug_aranges
                0x0000000000000700       0x20 Output/Debug/Obj/NAATOS_fw/ses_startup_nrf_common.o
 .debug_aranges
                0x0000000000000720      0xc30 Output/Debug/Obj/NAATOS_fw/system_nrf52840.o
 .debug_aranges
                0x0000000000001350      0x1d8 Output/Debug/Obj/NAATOS_fw/tasks.o
 .debug_aranges
                0x0000000000001528       0x40 Output/Debug/Obj/NAATOS_fw/list.o
 .debug_aranges
                0x0000000000001568      0x120 Output/Debug/Obj/NAATOS_fw/queue.o
 .debug_aranges
                0x0000000000001688       0xc8 Output/Debug/Obj/NAATOS_fw/timers.o
 .debug_aranges
                0x0000000000001750       0x30 Output/Debug/Obj/NAATOS_fw/port.o
 .debug_aranges
                0x0000000000001780       0x68 Output/Debug/Obj/NAATOS_fw/port_cmsis.o
 .debug_aranges
                0x00000000000017e8       0x70 Output/Debug/Obj/NAATOS_fw/port_cmsis_systick.o
 .debug_aranges
                0x0000000000001858       0x50 Output/Debug/Obj/NAATOS_fw/heap_4.o

.debug_str      0x0000000000000000    0xa59cb
 .debug_str     0x0000000000000000       0x8b Output/Debug/Obj/NAATOS_fw/thumb_crt0.o
 .debug_str     0x000000000000008b    0x7559b Output/Debug/Obj/NAATOS_fw/app_error.o
                                      0x76444 (size before relaxing)
 .debug_str     0x0000000000075626     0xf31d Output/Debug/Obj/NAATOS_fw/app_error_handler_gcc.o
                                      0x86c4e (size before relaxing)
 .debug_str     0x0000000000084943     0x2e1f Output/Debug/Obj/NAATOS_fw/app_error_weak.o
                                      0x89a6a (size before relaxing)
 .debug_str     0x0000000000087762      0x4cb Output/Debug/Obj/NAATOS_fw/app_util_platform.o
                                      0x76cb6 (size before relaxing)
 .debug_str     0x0000000000087c2d       0x63 Output/Debug/Obj/NAATOS_fw/nrf_assert.o
                                      0x76458 (size before relaxing)
 .debug_str     0x0000000000087c90     0x7ddb Output/Debug/Obj/NAATOS_fw/nrf_drv_clock.o
                                      0x913ab (size before relaxing)
 .debug_str     0x000000000008fa6b      0x8ac Output/Debug/Obj/NAATOS_fw/nrfx_clock.o
                                      0x91afb (size before relaxing)
 .debug_str     0x0000000000090317      0xf13 Output/Debug/Obj/NAATOS_fw/nrfx_power.o